--------- beginning of /dev/log/main
07-15 14:21:25.114 D/dalvikvm( 2149): GC_FOR_MALLOC freed 10179 objects / 519024 bytes in 56ms
07-15 14:21:26.625 W/dalvikvm(  381): disableGcForExternalAlloc: true
07-15 14:21:26.914 W/dalvikvm(  381): disableGcForExternalAlloc: false
07-15 14:21:26.954 D/KInfoc  (  710): clear batch timer
07-15 14:21:26.954 D/KInfoc  (  710): set batch timer
07-15 14:21:26.954 D/KInfoc  (  710):  BATCH REPORTER STARTED ........
--------- beginning of /dev/log/system
07-15 14:21:31.394 I/ActivityManager(  100): Starting activity: Intent { act=android.intent.action.MAIN cat=[android.intent.category.LAUNCHER] flg=0x10200000 cmp=com.visualon.AppUI/.MainActivity }
07-15 14:21:31.534 I/ActivityManager(  100): Start proc com.visualon.AppUI for activity com.visualon.AppUI/.MainActivity: pid=2962 uid=10079 gids={3003, 1015, 3002, 3001}
07-15 14:21:31.534 W/ActivityManager(  100): Unable to start service Intent { act=com.htc.android.iqagent.action.ui04 (has extras) }: not found
07-15 14:21:31.614 D/AK8973  (   69): Compass Start
07-15 14:21:31.614 D/Sensors (  100): open_akm, fd=146
07-15 14:21:31.624 D/dalvikvm(   63): GC_EXPLICIT freed 330 objects / 12640 bytes in 98ms
07-15 14:21:31.714 D/dalvikvm(   63): GC_EXPLICIT freed 57 objects / 2728 bytes in 80ms
07-15 14:21:31.774 D/dalvikvm(   63): GC_EXPLICIT freed 2 objects / 64 bytes in 64ms
07-15 14:21:31.785 D/dalvikvm( 2962): DexOpt: couldn't find field Landroid/content/pm/ApplicationInfo;.nativeLibraryDir
07-15 14:21:31.785 W/dalvikvm( 2962): VFY: unable to resolve instance field 19
07-15 14:21:31.785 D/dalvikvm( 2962): VFY: replacing opcode 0x54 at 0x004f
07-15 14:21:31.785 D/dalvikvm( 2962): VFY: dead code 0x0051-0051 in Lcom/visualon/AppPlayerCommonFeatures/CommonFunc;.getUserNativeLibPath (Landroid/content/Context;)Ljava/lang/String;
07-15 14:21:32.034 D/dalvikvm( 2962): GC_FOR_MALLOC freed 5728 objects / 292904 bytes in 34ms
07-15 14:21:32.104 I/ActivityManager(  100): Displayed activity com.visualon.AppUI/.MainActivity: 581 ms (total 581 ms)
07-15 14:21:32.305 D/dalvikvm( 2168): GC_FOR_MALLOC freed 9090 objects / 439584 bytes in 69ms
07-15 14:21:32.354 W/Rosie   (  381): mAddHtcWidgetByOtherActivity = false, mIsOpenSlideWhenLeaveLaunch = true
07-15 14:21:32.354 W/InputManagerService(  100): Ignoring hideSoftInput of: com.android.internal.view.IInputMethodClient$Stub$Proxy@476dcbd8
07-15 14:21:33.074 I/@@@OSMP+CommonFunc( 2962): Current external storage directory is /mnt/sdcard
07-15 14:21:33.084 I/global  ( 2962): Default buffer size used in BufferedReader constructor. It would be better to be explicit if an 8k-char buffer is required.
07-15 14:21:34.944 D/dalvikvm( 2962): GC_EXTERNAL_ALLOC freed 1247 objects / 134840 bytes in 41ms
07-15 14:21:34.984 D/dalvikvm( 2962): GC_EXTERNAL_ALLOC freed 131 objects / 7856 bytes in 30ms
07-15 14:21:35.374 D/dalvikvm( 2962): GC_EXTERNAL_ALLOC freed 35 objects / 4296 bytes in 37ms
07-15 14:21:35.615 D/dalvikvm( 2962): GC_EXTERNAL_ALLOC freed 198 objects / 13408 bytes in 35ms
07-15 14:21:35.724 D/dalvikvm( 2962): GC_EXTERNAL_ALLOC freed 15 objects / 2024 bytes in 29ms
07-15 14:21:39.764 W/KeyCharacterMap( 2962): No keyboard for id 65540
07-15 14:21:39.764 W/KeyCharacterMap( 2962): Using default keymap: /system/usr/keychars/qwerty.kcm.bin
07-15 14:21:39.864 W/InputManagerService(  100): Window already focused, ignoring focus gain of: com.android.internal.view.IInputMethodClient$Stub$Proxy@47603a30
07-15 14:21:40.754 I/ActivityManager(  100): Starting activity: Intent { cmp=com.visualon.AppUI/com.visualon.AppBehavior.AppBehaviorManagerImpl (has extras) }
07-15 14:21:40.814 I/[APP][Time]( 2962): Init start time: 1405405300819 ms
07-15 14:21:40.824 V/@@@VOCommonPlayerImpl( 2962): myLooper()1
07-15 14:21:40.824 I/@@@VOCommonPlayerImpl( 2962): VOCommonPlayerImpl construct.
07-15 14:21:40.824 V/@@@OSMPBasePlayer( 2962): myLooper()1
07-15 14:21:40.824 V/@@@OSMPBasePlayer( 2962): voOSBasePlayer Init -
07-15 14:21:40.824 I/dalvikvm( 2962): Failed resolving Lcom/visualon/OSMPEngine/voOnStreamSDK$3; interface 27 'Landroid/bluetooth/BluetoothProfile$ServiceListener;'
07-15 14:21:40.824 W/dalvikvm( 2962): Link of class 'Lcom/visualon/OSMPEngine/voOnStreamSDK$3;' failed
07-15 14:21:40.824 E/dalvikvm( 2962): Could not find class 'com.visualon.OSMPEngine.voOnStreamSDK$3', referenced from method com.visualon.OSMPEngine.voOnStreamSDK.<init>
07-15 14:21:40.824 W/dalvikvm( 2962): VFY: unable to resolve new-instance 952 (Lcom/visualon/OSMPEngine/voOnStreamSDK$3;) in Lcom/visualon/OSMPEngine/voOnStreamSDK;
07-15 14:21:40.824 D/dalvikvm( 2962): VFY: replacing opcode 0x22 at 0x002b
07-15 14:21:40.824 D/dalvikvm( 2962): VFY: dead code 0x002d-00b6 in Lcom/visualon/OSMPEngine/voOnStreamSDK;.<init> ()V
07-15 14:21:40.834 E/dalvikvm( 2962): Could not find class 'android.view.TextureView', referenced from method com.visualon.OSMPEngine.voOnStreamSDK.addSecondTextureView
07-15 14:21:40.834 W/dalvikvm( 2962): VFY: unable to resolve new-instance 701 (Landroid/view/TextureView;) in Lcom/visualon/OSMPEngine/voOnStreamSDK;
07-15 14:21:40.834 D/dalvikvm( 2962): VFY: replacing opcode 0x22 at 0x0052
07-15 14:21:40.834 D/dalvikvm( 2962): VFY: dead code 0x0054-00d6 in Lcom/visualon/OSMPEngine/voOnStreamSDK;.addSecondTextureView ()V
07-15 14:21:40.844 I/dalvikvm( 2962): Could not find method android.bluetooth.BluetoothAdapter.getProfileProxy, referenced from method com.visualon.OSMPEngine.voOnStreamSDK.Open
07-15 14:21:40.844 W/dalvikvm( 2962): VFY: unable to resolve virtual method 134: Landroid/bluetooth/BluetoothAdapter;.getProfileProxy (Landroid/content/Context;Landroid/bluetooth/BluetoothProfile$ServiceListener;I)Z
07-15 14:21:40.844 D/dalvikvm( 2962): VFY: replacing opcode 0x6e at 0x002f
07-15 14:21:40.844 I/dalvikvm( 2962): Could not find method android.view.View.setAlpha, referenced from method com.visualon.OSMPEngine.voOnStreamSDK.SetParam
07-15 14:21:40.844 W/dalvikvm( 2962): VFY: unable to resolve virtual method 4862: Landroid/view/View;.setAlpha (F)V
07-15 14:21:40.844 D/dalvikvm( 2962): VFY: replacing opcode 0x6e at 0x0090
07-15 14:21:40.854 D/dalvikvm( 2962): VFY: dead code 0x0093-0094 in Lcom/visualon/OSMPEngine/voOnStreamSDK;.SetParam (JLjava/lang/Object;)I
07-15 14:21:40.854 E/dalvikvm( 2962): Could not find class 'android.view.TextureView', referenced from method com.visualon.OSMPEngine.voOnStreamSDK.SetView
07-15 14:21:40.854 W/dalvikvm( 2962): VFY: unable to resolve instanceof 701 (Landroid/view/TextureView;) in Lcom/visualon/OSMPEngine/voOnStreamSDK;
07-15 14:21:40.854 D/dalvikvm( 2962): VFY: replacing opcode 0x20 at 0x0021
07-15 14:21:40.854 E/dalvikvm( 2962): Could not find class 'android.view.TextureView', referenced from method com.visualon.OSMPEngine.voOnStreamSDK.SetView
07-15 14:21:40.854 W/dalvikvm( 2962): VFY: unable to resolve check-cast 701 (Landroid/view/TextureView;) in Lcom/visualon/OSMPEngine/voOnStreamSDK;
07-15 14:21:40.854 D/dalvikvm( 2962): VFY: replacing opcode 0x1f at 0x008c
07-15 14:21:40.854 D/dalvikvm( 2962): VFY: dead code 0x0023-0025 in Lcom/visualon/OSMPEngine/voOnStreamSDK;.SetView (Landroid/view/View;)I
07-15 14:21:40.854 D/dalvikvm( 2962): VFY: dead code 0x008e-00a4 in Lcom/visualon/OSMPEngine/voOnStreamSDK;.SetView (Landroid/view/View;)I
07-15 14:21:40.854 I/dalvikvm( 2962): Could not find method java.lang.String.isEmpty, referenced from method com.visualon.OSMPEngine.voOnStreamSDK.adjustRenderType
07-15 14:21:40.854 W/dalvikvm( 2962): VFY: unable to resolve virtual method 8949: Ljava/lang/String;.isEmpty ()Z
07-15 14:21:40.854 D/dalvikvm( 2962): VFY: replacing opcode 0x6e at 0x0049
07-15 14:21:40.854 D/dalvikvm( 2962): VFY: dead code 0x004c-00ae in Lcom/visualon/OSMPEngine/voOnStreamSDK;.adjustRenderType ()I
07-15 14:21:40.854 D/dalvikvm( 2962): VFY: dead code 0x00c2-00d4 in Lcom/visualon/OSMPEngine/voOnStreamSDK;.adjustRenderType ()I
07-15 14:21:40.854 D/dalvikvm( 2962): Trying to load lib /data/data/com.visualon.AppUI/lib/libvodl.so 0x47404760
07-15 14:21:40.864 I/libvodl(debug)( 2962): voAbout> libvodl(debug) - armeabi - NDKr9 - main - r69054 - 11:21:25 Jul 10 2014 - V3.13.0
07-15 14:21:40.864 D/dalvikvm( 2962): Added shared lib /data/data/com.visualon.AppUI/lib/libvodl.so 0x47404760
07-15 14:21:40.864 D/dalvikvm( 2962): No JNI_OnLoad found in /data/data/com.visualon.AppUI/lib/libvodl.so 0x47404760, skipping init
07-15 14:21:40.864 D/dalvikvm( 2962): Trying to load lib /data/data/com.visualon.AppUI/lib/libvoOSEng_OSMP.so 0x47404760
07-15 14:21:40.864 I/libvoOSEng(debug)( 2962): voAbout> libvoOSEng(debug) - armeabi - NDKr9 - main - r69094 - 20:03:19 Jul 10 2014 - V3.13.0
07-15 14:21:40.864 D/dalvikvm( 2962): Added shared lib /data/data/com.visualon.AppUI/lib/libvoOSEng_OSMP.so 0x47404760
07-15 14:21:40.864 D/AndroidRuntime( 2962): Shutting down VM
07-15 14:21:40.864 W/dalvikvm( 2962): threadid=1: thread exiting with uncaught exception (group=0x400259f8)
07-15 14:21:40.874 E/AndroidRuntime( 2962): FATAL EXCEPTION: main
07-15 14:21:40.874 E/AndroidRuntime( 2962): java.lang.NoClassDefFoundError: com.visualon.OSMPEngine.voOnStreamSDK$3
07-15 14:21:40.874 E/AndroidRuntime( 2962): 	at com.visualon.OSMPEngine.voOnStreamSDK.<init>(voOnStreamSDK.java:1004)
07-15 14:21:40.874 E/AndroidRuntime( 2962): 	at com.visualon.OSMPBasePlayer.voOSBasePlayer.Init(voOSBasePlayer.java:608)
07-15 14:21:40.874 E/AndroidRuntime( 2962): 	at com.visualon.OSMPPlayerImpl.VOCommonPlayerImpl.init(VOCommonPlayerImpl.java:190)
07-15 14:21:40.874 E/AndroidRuntime( 2962): 	at com.visualon.AppPlayerCommonFeatures.APPCommonPlayerControl.creatPlayer(APPCommonPlayerControl.java:59)
07-15 14:21:40.874 E/AndroidRuntime( 2962): 	at com.visualon.AppPlayerCommonFeatures.CPlayer.createPlayer(CPlayer.java:270)
07-15 14:21:40.874 E/AndroidRuntime( 2962): 	at com.visualon.AppBehavior.AppBehaviorManagerImpl.onCreate(AppBehaviorManagerImpl.java:277)
07-15 14:21:40.874 E/AndroidRuntime( 2962): 	at android.app.Instrumentation.callActivityOnCreate(Instrumentation.java:1069)
07-15 14:21:40.874 E/AndroidRuntime( 2962): 	at android.app.ActivityThread.performLaunchActivity(ActivityThread.java:2751)
07-15 14:21:40.874 E/AndroidRuntime( 2962): 	at android.app.ActivityThread.handleLaunchActivity(ActivityThread.java:2803)
07-15 14:21:40.874 E/AndroidRuntime( 2962): 	at android.app.ActivityThread.access$2300(ActivityThread.java:135)
07-15 14:21:40.874 E/AndroidRuntime( 2962): 	at android.app.ActivityThread$H.handleMessage(ActivityThread.java:2136)
07-15 14:21:40.874 E/AndroidRuntime( 2962): 	at android.os.Handler.dispatchMessage(Handler.java:99)
07-15 14:21:40.874 E/AndroidRuntime( 2962): 	at android.os.Looper.loop(Looper.java:144)
07-15 14:21:40.874 E/AndroidRuntime( 2962): 	at android.app.ActivityThread.main(ActivityThread.java:4937)
07-15 14:21:40.874 E/AndroidRuntime( 2962): 	at java.lang.reflect.Method.invokeNative(Native Method)
07-15 14:21:40.874 E/AndroidRuntime( 2962): 	at java.lang.reflect.Method.invoke(Method.java:521)
07-15 14:21:40.874 E/AndroidRuntime( 2962): 	at com.android.internal.os.ZygoteInit$MethodAndArgsCaller.run(ZygoteInit.java:868)
07-15 14:21:40.874 E/AndroidRuntime( 2962): 	at com.android.internal.os.ZygoteInit.main(ZygoteInit.java:626)
07-15 14:21:40.874 E/AndroidRuntime( 2962): 	at dalvik.system.NativeStart.main(Native Method)
07-15 14:21:40.894 W/ActivityManager(  100): Unable to start service Intent { act=com.htc.android.iqagent.action.ui03 (has extras) }: not found
07-15 14:21:40.894 W/ActivityManager(  100):   Force finishing activity com.visualon.AppUI/com.visualon.AppBehavior.AppBehaviorManagerImpl
07-15 14:21:40.894 W/ActivityManager(  100):   Force finishing activity com.visualon.AppUI/.MainActivity
07-15 14:21:41.395 W/ActivityManager(  100): Activity pause timeout for HistoryRecord{4787f010 com.visualon.AppUI/com.visualon.AppBehavior.AppBehaviorManagerImpl}
07-15 14:21:41.415 D/Sensors (  100): close_akm, fd=146
07-15 14:21:41.904 D/AK8973  (   69): Compass CLOSE 
07-15 14:21:42.304 I/Process ( 2962): Sending signal. PID: 2962 SIG: 9
07-15 14:21:42.364 I/WindowManager(  100): WIN DEATH: Window{4774a8b8 com.visualon.AppUI/com.visualon.AppUI.MainActivity paused=true}
07-15 14:21:42.364 W/ActivityManager(  100): Unable to start service Intent { act=com.htc.android.iqagent.action.ui05 (has extras) }: not found
07-15 14:21:42.364 I/ActivityManager(  100): Process com.visualon.AppUI (pid 2962) has died.
