--------- beginning of /dev/log/main
01-01 08:16:04.149 E/lights  ( 2703): write_int: path /sys/class/backlight/pwm-backlight/brightness, value 66
--------- beginning of /dev/log/system
01-01 08:16:04.149 W/PowerManagerService( 2703): Timer 0x3->0x1|0x0
01-01 08:16:04.149 I/PowerManagerService( 2703): Ulight 3->1|0
01-01 08:16:04.165 E/lights  ( 2703): write_int: path /sys/class/backlight/pwm-backlight/brightness, value 64
01-01 08:16:04.180 E/lights  ( 2703): write_int: path /sys/class/backlight/pwm-backlight/brightness, value 61
01-01 08:16:04.195 E/lights  ( 2703): write_int: path /sys/class/backlight/pwm-backlight/brightness, value 59
01-01 08:16:04.215 E/lights  ( 2703): write_int: path /sys/class/backlight/pwm-backlight/brightness, value 57
01-01 08:16:04.230 E/lights  ( 2703): write_int: path /sys/class/backlight/pwm-backlight/brightness, value 55
01-01 08:16:04.245 E/lights  ( 2703): write_int: path /sys/class/backlight/pwm-backlight/brightness, value 52
01-01 08:16:04.260 E/lights  ( 2703): write_int: path /sys/class/backlight/pwm-backlight/brightness, value 50
01-01 08:16:04.280 E/lights  ( 2703): write_int: path /sys/class/backlight/pwm-backlight/brightness, value 48
01-01 08:16:04.295 E/lights  ( 2703): write_int: path /sys/class/backlight/pwm-backlight/brightness, value 45
01-01 08:16:04.310 E/lights  ( 2703): write_int: path /sys/class/backlight/pwm-backlight/brightness, value 43
01-01 08:16:04.325 E/lights  ( 2703): write_int: path /sys/class/backlight/pwm-backlight/brightness, value 41
01-01 08:16:04.345 E/lights  ( 2703): write_int: path /sys/class/backlight/pwm-backlight/brightness, value 38
01-01 08:16:04.360 E/lights  ( 2703): write_int: path /sys/class/backlight/pwm-backlight/brightness, value 36
01-01 08:16:04.375 E/lights  ( 2703): write_int: path /sys/class/backlight/pwm-backlight/brightness, value 34
01-01 08:16:04.390 E/lights  ( 2703): write_int: path /sys/class/backlight/pwm-backlight/brightness, value 31
01-01 08:16:04.405 E/lights  ( 2703): write_int: path /sys/class/backlight/pwm-backlight/brightness, value 29
01-01 08:16:04.425 E/lights  ( 2703): write_int: path /sys/class/backlight/pwm-backlight/brightness, value 27
01-01 08:16:04.440 E/lights  ( 2703): write_int: path /sys/class/backlight/pwm-backlight/brightness, value 24
01-01 08:16:04.455 E/lights  ( 2703): write_int: path /sys/class/backlight/pwm-backlight/brightness, value 22
01-01 08:16:04.470 E/lights  ( 2703): write_int: path /sys/class/backlight/pwm-backlight/brightness, value 20
01-01 08:16:04.475 I/PowerManagerService( 2703): Light Animator Finished curIntValue=20
01-01 08:16:05.165 D/dalvikvm( 3515): GC_EXPLICIT freed 29K, 49% free 2792K/5379K, external 0K/0K, paused 76ms
01-01 08:16:10.195 D/dalvikvm( 3606): GC_EXPLICIT freed 53K, 49% free 2827K/5447K, external 0K/0K, paused 102ms
01-01 08:16:11.155 E/lights  ( 2703): write_int: path /sys/class/backlight/pwm-backlight/brightness, value 17
01-01 08:16:11.155 W/PowerManagerService( 2703): Timer 0x1->0x0|0x0
01-01 08:16:11.155 D/PowerManagerService( 2703): Screen__Off : Timeout
01-01 08:16:11.155 I/PowerManagerService( 2703): Ulight 1->0|0
01-01 08:16:11.170 E/lights  ( 2703): write_int: path /sys/class/backlight/pwm-backlight/brightness, value 15
01-01 08:16:11.190 E/lights  ( 2703): write_int: path /sys/class/backlight/pwm-backlight/brightness, value 12
01-01 08:16:11.205 E/lights  ( 2703): write_int: path /sys/class/backlight/pwm-backlight/brightness, value 10
01-01 08:16:11.225 E/lights  ( 2703): write_int: path /sys/class/backlight/pwm-backlight/brightness, value 7
01-01 08:16:11.240 E/lights  ( 2703): write_int: path /sys/class/backlight/pwm-backlight/brightness, value 5
01-01 08:16:11.255 E/lights  ( 2703): write_int: path /sys/class/backlight/pwm-backlight/brightness, value 2
01-01 08:16:11.275 E/lights  ( 2703): write_int: path /sys/class/backlight/pwm-backlight/brightness, value 0
01-01 08:16:11.275 I/PowerManagerService( 2703): Light Animator Finished curIntValue=0
01-01 08:16:11.280 E/power   ( 2703): *** set_screen_state 0
01-01 08:16:11.280 D/SensorManager( 2703): unregisterListener:: disable all sensors for this listener,  listener = com.android.server.PowerManagerService$13@4052a230
01-01 08:16:11.280 E/lights  ( 2703): write_int: path /sys/class/leds/keyboard-backlight/brightness, value 0
01-01 08:16:11.280 D/KeyguardViewMediator( 2703): onScreenTurnedOff(3)
01-01 08:16:11.280 D/PowerManagerService( 2703): enableLightSensor false
01-01 08:16:11.280 W/PowerManagerService( 2703): CurLockF mPS:0 mUS=0
01-01 08:16:11.280 W/PowerManagerService( 2703): type=PARTIAL_WAKE_LOCK              'sleep_broadcast' active (mS=0)  activeT=4
01-01 08:16:11.280 W/PowerManagerService( 2703): mPokeLocks.size=0:
01-01 08:16:11.280 D/PowerManagerService( 2703): sendNotificationLocked on=false
01-01 08:16:11.280 D/PowerManagerService( 2703): mNotificationTask : off
01-01 08:16:11.285 D/KeyguardViewMediator( 2703): setting alarm to turn off keyguard, seq = 5
01-01 08:16:11.285 I/OrientationDebug( 2703): [pwm] in updateOrientationListenerLp()
01-01 08:16:11.285 V/OrientationDebug( 2703): in updateOrientationListenerLp(), Screen status=false, current orientation=1, SensorEnabled=true
01-01 08:16:11.285 I/OrientationDebug( 2703): [pwm] in updateOrientationListenerLp(), now call mOrientationListener.disable(), and mOrientationSensorEnabled = false #2
01-01 08:16:11.285 I/OrientationDebug( 2703): [WindowOrientationListener] in disable(), now call SensorManager.unregisterListener()
01-01 08:16:11.285 D/SensorManager( 2703): unregisterListener:: disable all sensors for this listener,  listener = android.view.WindowOrientationListener$SensorEventListenerImpl@4087f840
01-01 08:16:11.285 V/WindowManager( 2703): Setting event dispatching to false
01-01 08:16:11.315 D/SurfaceFlinger( 2703): About to give-up screen, flinger = 0x12ffe8
01-01 08:16:11.390 W/ProcessStats( 2703): Skipping unknown process pid 5123
01-01 08:16:11.400 E/com.samsung.app( 3016): [MSC]>>> WeatherWidgetProvider.java:323 [0:0] onReceive()@@@ sec.android.intent.action.HOME_PAUSE
01-01 08:16:11.405 E/com.samsung.app( 3016): [MSC]>>> WidgetIdManager.java:39 [0:0] AccuWeatherClockWidgetID_Length
01-01 08:16:11.405 E/com.samsung.app( 3016): [MSC]>>> WidgetIdManager.java:40 [0:0] getPrefIDs() : length = 0
01-01 08:16:11.415 D/GLSurfaceViewGroup( 2910): Skipped drawing due to suspendDrawingUntilResume()
01-01 08:16:11.430 E/com.samsung.app( 3016): [MSC]>>> WeatherWidgetProvider.java:1592 [0:0] disable handler
01-01 08:16:11.450 I/PhotoAppWidgetProvider( 3669): onReceive
01-01 08:16:11.450 I/PhotoAppWidgetProvider( 3669): PauseSlideShow
01-01 08:16:11.450 D/PhotoAppWidgetProvider( 3669): onReceive End
01-01 08:16:11.455 D/CalendarAppWidgetProviderAgenda( 3515): ACTION_HOME_PAUSE: false
01-01 08:16:11.490 I/StatusBarPolicy( 2842): onDataActivity-D:0
01-01 08:16:11.495 I/StatusBarPolicy( 2842): onDataActivity-D:0
01-01 08:16:11.500 D/PhoneUtils( 2862): updateRAFT() : FactoryMode : false
01-01 08:16:11.515 I/Launcher( 2910): ACTION_SCREEN_OFF
01-01 08:16:14.230 E/BatteryService( 2703): TMU status = 0
01-01 08:16:14.230 D/BatteryService( 2703): update start
01-01 08:16:14.230 D/BatteryService( 2703): updateBattery level:6 scale:100 status:2 health:2 present:true voltage: 3771 temperature: 390 technology: Li-ion AC powered:false USB powered:true icon:17302233
01-01 08:16:14.239 E/lights  ( 2703): write_int: path /sys/class/leds/red/brightness, value 255
01-01 08:16:14.239 E/lights  ( 2703): write_int: path /sys/class/leds/green/brightness, value 255
01-01 08:16:14.239 E/lights  ( 2703): write_int: path /sys/class/leds/blue/brightness, value 0
01-01 08:16:14.239 E/lights  ( 2703): write_int: path /sys/class/leds/red/device/blink, value 0
01-01 08:16:14.239 D/PowerManagerService( 2703): Battery info : mOldTemperatureIndex : 1      newTemperature : 390      newTemperatureIndex : 0
01-01 08:16:14.239 D/PowerManagerService( 2703):  TemperatureHandlerLocked : CHANGED : mMaxBrightness : 255
01-01 08:16:14.239 I/PowerManagerService( 2703): Ulight 0->0|3
01-01 08:16:14.255 D/PhoneUtils( 2862): updateRAFT() : FactoryMode : false
01-01 08:16:14.260 I/StatusBarPolicy( 2842): BAT. S:2 H:2
01-01 08:16:16.289 D/KeyguardViewMediator( 2703): doKeyguard: showing the lock screen
01-01 08:16:16.289 D/KeyguardViewMediator( 2703): showLocked
01-01 08:16:16.289 D/KeyguardViewMediator( 2703): handleShow
01-01 08:16:16.299 D/LockPatternKeyguardView( 2703): Face RecongnitionValue = 0
01-01 08:16:16.315 D/LockscreenWallpaperUpdater( 2703): add lockscreenwallpaper
01-01 08:16:16.395 D/GlassLockScreenMusicWidget( 2703): Controller Initiation Running!!
01-01 08:16:16.395 D/GlassLockScreenMusicWidget( 2703): at init() send broadcast
01-01 08:16:16.395 D/GlassLockScreenMusicWidget( 2703): resetMinTimer()
01-01 08:16:16.395 D/GlassLockScreenMusicWidget( 2703): removeMinTimer()
01-01 08:16:16.395 D/GlassLockScreenMusicWidget( 2703): addMinTimer()
01-01 08:16:16.505 D/dalvikvm( 2703): GC_EXTERNAL_ALLOC freed 791K, 43% free 7454K/12935K, external 2160K/2161K, paused 77ms
01-01 08:16:16.520 I/System.out( 3790): FMRADIO Sending OFF broadcast .... 
01-01 08:16:16.520 E/GlassLockScreenFMRadioWidget( 2703): onReceive() : intent action=com.android.fm.player_lock.status.off
01-01 08:16:16.585 D/dalvikvm( 2703): GC_EXTERNAL_ALLOC freed 55K, 43% free 7427K/12935K, external 2695K/2716K, paused 47ms
01-01 08:16:16.600 D/GlassLockScreenMissedEventWidget( 2703): Controller Initiation Running!!
01-01 08:16:16.615 D/UnlockClock( 2703): GMT_update mRightNow.getTimeZone().getID() == Asia/Hong_Kong
01-01 08:16:16.660 D/dalvikvm( 2703): GC_EXTERNAL_ALLOC freed 17K, 43% free 7443K/12935K, external 3446K/3476K, paused 47ms
01-01 08:16:16.670 D/GlassLockscreenInfo( 2703): init
01-01 08:16:16.670 D/GlassLockScreen( 2703): CLOCK_POSITION from Setting Value = 2
01-01 08:16:16.720 D/dalvikvm( 2703): GC_EXTERNAL_ALLOC freed 11K, 43% free 7451K/12935K, external 2769K/3320K, paused 47ms
01-01 08:16:16.725 D/GlassLockScreenFMRadioWidget( 2703): getIsFMPlayerPlaying() : mIsFMPlayerPlaying=false
01-01 08:16:16.725 D/GlassLockScreen( 2703):  is FM Playing  = false
01-01 08:16:16.725 D/GlassLockScreenFMRadioWidget( 2703): getIsFMPlayerPlaying() : mIsFMPlayerPlaying=false
01-01 08:16:16.745 D/LockscreenWallpaperUpdater( 2703): add lockscreenwallpaper
01-01 08:16:16.750 D/KeyguardViewMediator( 2703): adjustUserActivityLocked mShowing: true mHidden: false
01-01 08:16:16.750 D/GlassLockScreenFMRadioWidget( 2703): handleMediaUpdate !! isPlaying = 0 isStop = 1 mIsFMPlayerPlaying = false
01-01 08:16:16.750 D/PowerManagerService( 2703): enableUserActivity false
01-01 08:16:16.750 D/StatusBarManagerService( 2703): manageDisableList what=0x1 pkg=android
01-01 08:16:16.760 D/GLSurfaceViewGroup( 2910): Skipped drawing due to suspendDrawingUntilResume()
01-01 08:16:16.775 I/OrientationDebug( 2703): [pwm] in updateOrientationListenerLp()
01-01 08:16:16.775 V/OrientationDebug( 2703): in updateOrientationListenerLp(), Screen status=false, current orientation=5, SensorEnabled=false
01-01 08:16:16.775 I/WindowManager( 2703):   CREATE SURFACE Surface(name=Keyguard, identity=99, mNativeSurface=0) IN SESSION android.view.SurfaceSession@408cc2b0: pid=2703 format=-3 flags=0x0 / Window{408bf658 Keyguard paused=false}
01-01 08:16:16.775 W/WindowManager( 2703): Layout repeat skipped after too many iterations
01-01 08:16:16.775 W/WindowManager( 2703): Layout repeat skipped after too many iterations
01-01 08:16:16.775 W/WindowManager( 2703): Layout repeat skipped after too many iterations
01-01 08:16:16.780 W/WindowManager( 2703): Animation repeat aborted after too many iterations
01-01 08:16:19.899 D/GlassLockScreenMusicWidget( 2703): setMinLayout()
01-01 08:16:19.899 D/GlassLockScreenMusicWidget( 2703): startTranslateAnimation()
01-01 08:16:21.835 D/dalvikvm( 3650): GC_EXPLICIT freed 40K, 49% free 2757K/5379K, external 0K/0K, paused 60ms
01-01 08:16:23.755 W/PowerManagerService( 2703): Timer 0x0->0x0|0x0
01-01 08:16:26.860 D/dalvikvm( 3661): GC_EXPLICIT freed 13K, 50% free 2715K/5379K, external 0K/0K, paused 91ms
01-01 08:16:28.885 D/NetdConnector( 2703): doCommand :: cmd = interface readrxcounter rmnet0
01-01 08:16:28.885 D/NetdConnector( 2703): sendCommand :: command = interface readrxcounter rmnet0, argument = null
01-01 08:16:28.885 D/NetdConnector( 2703): SND -> {interface readrxcounter rmnet0} {null}
01-01 08:16:28.890 D/NetdConnector( 2703): RCV <- {216 0}
01-01 08:16:28.900 D/NetdConnector( 2703): RSP <- {216 0}
01-01 08:16:28.900 D/NetdConnector( 2703): doCommand :: cmd = interface readtxcounter rmnet0
01-01 08:16:28.900 D/NetdConnector( 2703): sendCommand :: command = interface readtxcounter rmnet0, argument = null
01-01 08:16:28.900 D/NetdConnector( 2703): SND -> {interface readtxcounter rmnet0} {null}
01-01 08:16:28.900 D/NetdConnector( 2703): RCV <- {217 0}
01-01 08:16:28.905 D/NetdConnector( 2703): RSP <- {217 0}
01-01 08:16:28.930 D/dalvikvm( 3550): GC_CONCURRENT freed 432K, 48% free 3284K/6215K, external 0K/0K, paused 7ms+2ms
01-01 08:16:34.015 D/dalvikvm( 3669): GC_EXPLICIT freed 41K, 50% free 2828K/5575K, external 4K/516K, paused 117ms
01-01 08:16:38.980 D/dalvikvm( 3682): GC_EXPLICIT freed 33K, 50% free 2719K/5379K, external 0K/0K, paused 77ms
01-01 08:16:44.005 D/dalvikvm( 3790): GC_EXPLICIT freed 3K, 49% free 2778K/5379K, external 0K/0K, paused 95ms
01-01 08:16:48.995 D/dalvikvm( 3245): GC_EXPLICIT freed 85K, 50% free 2735K/5379K, external 0K/0K, paused 78ms
01-01 08:16:54.030 D/dalvikvm( 3550): GC_EXPLICIT freed 77K, 48% free 3284K/6215K, external 0K/0K, paused 110ms
01-01 08:16:54.689 E/BatteryService( 2703): TMU status = 0
01-01 08:16:54.689 D/BatteryService( 2703): update start
01-01 08:16:54.689 D/BatteryService( 2703): updateBattery level:6 scale:100 status:2 health:2 present:true voltage: 3782 temperature: 390 technology: Li-ion AC powered:false USB powered:true icon:17302233
01-01 08:16:54.720 D/PhoneUtils( 2862): updateRAFT() : FactoryMode : false
01-01 08:16:54.724 I/StatusBarPolicy( 2842): BAT. S:2 H:2
01-01 08:16:59.830 D/dalvikvm( 4621): GC_EXPLICIT freed 100K, 42% free 3680K/6279K, external 0K/0K, paused 68ms
01-01 08:17:00.005 D/UnlockClock( 2703): GMT_update mRightNow.getTimeZone().getID() == Asia/Hong_Kong
01-01 08:17:05.210 D/dalvikvm( 2845): GC_EXPLICIT freed 94K, 46% free 3761K/6855K, external 0K/512K, paused 102ms
01-01 08:17:10.195 D/dalvikvm( 3016): GC_EXPLICIT freed 72K, 50% free 2850K/5639K, external 0K/0K, paused 82ms
01-01 08:17:34.930 E/BatteryService( 2703): TMU status = 0
01-01 08:17:34.930 D/BatteryService( 2703): update start
01-01 08:17:34.930 D/BatteryService( 2703): updateBattery level:6 scale:100 status:2 health:2 present:true voltage: 3786 temperature: 390 technology: Li-ion AC powered:false USB powered:true icon:17302233
01-01 08:17:34.955 D/PhoneUtils( 2862): updateRAFT() : FactoryMode : false
01-01 08:17:34.955 I/StatusBarPolicy( 2842): BAT. S:2 H:2
01-01 08:18:00.009 D/UnlockClock( 2703): GMT_update mRightNow.getTimeZone().getID() == Asia/Hong_Kong
01-01 08:18:05.185 D/dalvikvm( 3245): GC_EXPLICIT freed 11K, 50% free 2735K/5379K, external 0K/0K, paused 78ms
01-01 08:18:15.199 E/BatteryService( 2703): TMU status = 0
01-01 08:18:15.199 D/BatteryService( 2703): update start
01-01 08:18:15.199 D/BatteryService( 2703): updateBattery level:6 scale:100 status:2 health:2 present:true voltage: 3783 temperature: 390 technology: Li-ion AC powered:false USB powered:true icon:17302233
01-01 08:18:15.225 D/PhoneUtils( 2862): updateRAFT() : FactoryMode : false
01-01 08:18:15.230 I/StatusBarPolicy( 2842): BAT. S:2 H:2
01-01 08:18:20.340 D/dalvikvm( 3550): GC_EXPLICIT freed 267K, 48% free 3284K/6215K, external 0K/0K, paused 56ms
01-01 08:18:25.400 D/dalvikvm( 2845): GC_EXPLICIT freed 31K, 46% free 3752K/6855K, external 0K/512K, paused 109ms
01-01 08:18:55.320 E/BatteryService( 2703): TMU status = 0
01-01 08:18:55.320 D/BatteryService( 2703): update start
01-01 08:18:55.320 D/BatteryService( 2703): updateBattery level:6 scale:100 status:2 health:2 present:true voltage: 3784 temperature: 380 technology: Li-ion AC powered:false USB powered:true icon:17302233
01-01 08:18:55.349 D/PhoneUtils( 2862): updateRAFT() : FactoryMode : false
01-01 08:18:55.360 I/StatusBarPolicy( 2842): BAT. S:2 H:2
01-01 08:19:00.020 D/UnlockClock( 2703): GMT_update mRightNow.getTimeZone().getID() == Asia/Hong_Kong
01-01 08:19:36.474 E/BatteryService( 2703): TMU status = 0
01-01 08:19:36.474 D/BatteryService( 2703): update start
01-01 08:19:36.474 D/BatteryService( 2703): updateBattery level:7 scale:100 status:2 health:2 present:true voltage: 3787 temperature: 370 technology: Li-ion AC powered:false USB powered:true icon:17302233
01-01 08:19:36.484 D/GlassLockscreenInfo( 2703): onResume()
01-01 08:19:36.510 D/PhoneUtils( 2862): updateRAFT() : FactoryMode : false
01-01 08:19:36.510 I/StatusBarPolicy( 2842): BAT. S:2 H:2
01-01 08:19:41.690 D/dalvikvm( 3550): GC_EXPLICIT freed 253K, 48% free 3284K/6215K, external 0K/0K, paused 90ms
01-01 08:19:46.720 D/dalvikvm( 2845): GC_EXPLICIT freed 19K, 46% free 3752K/6855K, external 0K/512K, paused 114ms
01-01 08:20:00.009 D/UnlockClock( 2703): GMT_update mRightNow.getTimeZone().getID() == Asia/Hong_Kong
01-01 08:20:05.180 D/dalvikvm( 3245): GC_EXPLICIT freed 11K, 50% free 2735K/5379K, external 0K/0K, paused 77ms
01-01 08:20:11.250 I/Z7Service( 3359): wakelock acquired: 1
01-01 08:20:11.250 V/Scheduler( 3359): handleMessage 1
01-01 08:20:11.255 D/Scheduler( 3359): Adding a timed task to execute queue
01-01 08:20:11.255 V/Scheduler( 3359): addTask: [TASK (type:LOG_SYSTEM_INFORMATION) T#500 STATUS:NONE]
01-01 08:20:11.255 V/Scheduler( 3359): Task [TASK (type:LOG_SYSTEM_INFORMATION) T#500 STATUS:NONE] added to a queue of [Empty] true
01-01 08:20:11.255 D/Scheduler( 3359): processQueue()
01-01 08:20:11.255 V/Scheduler( 3359): Scheduler dump:
01-01 08:20:11.255 V/Scheduler( 3359): Number of tasks: 1
01-01 08:20:11.255 V/Scheduler( 3359):   -- [TASK (type:LOG_SYSTEM_INFORMATION) T#500 STATUS:NONE]
01-01 08:20:11.255 V/Scheduler( 3359): Number of tasks waiting for timer: 0
01-01 08:20:11.255 V/Scheduler( 3359): Number of tasks waiting for connection: 0
01-01 08:20:11.255 V/Scheduler( 3359): [Scheduler] Queue: [TASK (type:LOG_SYSTEM_INFORMATION) T#500 STATUS:NONE]
01-01 08:20:11.255 I/Scheduler( 3359): [processQueue] Executing SDTask [TASK (type:LOG_SYSTEM_INFORMATION) T#500 STATUS:NONE]
01-01 08:20:11.255 V/Scheduler( 3359): RUNNING TASK [TASK (type:LOG_SYSTEM_INFORMATION) T#500 STATUS:NONE]
01-01 08:20:11.255 V/Scheduler( 3359): doRun.ok[TASK (type:LOG_SYSTEM_INFORMATION) T#500 STATUS:NONE]
01-01 08:20:11.310 I/Scheduler( 3359): Z7 client information, generated at 2000-01-01 08:20:11.273:
01-01 08:20:11.310 I/Scheduler( 3359): Version: 23.43.6014.3
01-01 08:20:11.310 I/Scheduler( 3359): Brand: samsungssh
01-01 08:20:11.310 I/Scheduler( 3359): 7TP address: f-0-0
01-01 08:20:11.310 I/Scheduler( 3359): Relay address: eu020.fra.samsungsocialhub.com:7735
01-01 08:20:11.310 I/Scheduler( 3359): GSD URL: http://gsd.fra.samsungsocialhub.com/gsd/getPos
01-01 08:20:11.310 I/Scheduler( 3359): Phone locale: zh_CN
01-01 08:20:11.310 I/Scheduler( 3359): Phone model: GT-I9100
01-01 08:20:11.310 I/Scheduler( 3359): Phone OS version: 2.3.5
01-01 08:20:11.310 I/Scheduler( 3359): Accounts:
01-01 08:20:11.310 I/Scheduler( 3359): [processQueue] SDTask [TASK (type:LOG_SYSTEM_INFORMATION) T#500 STATUS:NONE] execution success (RUN_ACTION_DONE) removing
01-01 08:20:11.310 D/Scheduler( 3359): doDone: [TASK (type:LOG_SYSTEM_INFORMATION) T#500 STATUS:NONE]; res: 0
01-01 08:20:11.315 W/Scheduler( 3359): task contained in tasks list [TASK (type:LOG_SYSTEM_INFORMATION) T#500 STATUS:NONE]
01-01 08:20:11.325 D/ZTask   ( 3359): setStatus DONE for task [TASK (type:LOG_SYSTEM_INFORMATION) T#500 STATUS:NONE]
01-01 08:20:11.325 V/Scheduler( 3359): [processQueue] Removing task [TASK (type:LOG_SYSTEM_INFORMATION) T#500 STATUS:DONE]
01-01 08:20:11.325 V/Scheduler( 3359): [processQueue] Queue done.
01-01 08:20:11.325 I/Scheduler( 3359): handleMessage.done.
01-01 08:20:11.330 I/Z7Service( 3359): wakelock released: 0 still held?false
01-01 08:20:13.594 I/[FT]-Server( 3568): FTSRunningChecker :Running Thread - check server state: wait responce for 10000 ms
01-01 08:20:13.600 W/[FT]-Server( 3639): FTSService :mBroadcastReceiver from popup : com.sec.android.app.FileShareServer.SERVER_CHECK  mConnectionMode -2
01-01 08:20:13.605 I/[FT]-Server( 3568): FTSRunningChecker : remove Message : SERVER_NOT_RESPONCE start - server is Alive
01-01 08:20:13.605 I/[FT]-Server( 3568): FTSRunningChecker :echoServerThread == == thisThread(sleep for 900000)true
01-01 08:20:16.579 D/BatteryService( 2703): update start
01-01 08:20:16.585 E/BatteryService( 2703): TMU status = 0
01-01 08:20:16.585 D/BatteryService( 2703): updateBattery level:7 scale:100 status:2 health:2 present:true voltage: 3786 temperature: 370 technology: Li-ion AC powered:false USB powered:true icon:17302233
01-01 08:20:16.609 D/PhoneUtils( 2862): updateRAFT() : FactoryMode : false
01-01 08:20:16.625 I/StatusBarPolicy( 2842): BAT. S:2 H:2
01-01 08:20:53.254 D/InputReader( 2703): Input event: value=1
01-01 08:20:53.254 I/ScreenCaptureAction( 2703): updateHomeKeyPressed(), pressed = true
01-01 08:20:53.254 D/KeyguardViewMediator( 2703): onWakeKeyWhenKeyguardShowing(3)
01-01 08:20:53.254 D/KeyguardViewMediator( 2703): wakeWhenReadyLocked(3)
01-01 08:20:53.259 D/KeyguardViewMediator( 2703): handleWakeWhenReady(3)
01-01 08:20:53.259 D/KeyguardViewMediator( 2703): pokeWakelock(5000)
01-01 08:20:53.259 E/lights  ( 2703): write_int: path /sys/devices/virtual/misc/melfas_touchkey/brightness, value 1
01-01 08:20:53.259 E/power   ( 2703): *** set_screen_state 1
01-01 08:20:53.259 D/SensorManager( 2703): registerListener :: handle = 3  name= CM3663 Light Sensor delay= 200000 Listener= com.android.server.PowerManagerService$13@4052a230
01-01 08:20:53.259 D/PowerManagerService( 2703): reactivateScreenLocksLocked mProxIgnoredBecauseScreenTurnedOff=false
01-01 08:20:53.259 D/PowerManagerService( 2703): Screen__On : acquireWakeLock flags=0x1000001a tag=keyguard uid=1000 pid=2703   myUID=1000 myPID=2703 myTID=2768
01-01 08:20:53.259 I/PowerManagerService( 2703): Ulight 0->7|0
01-01 08:20:53.259 D/PowerManagerService( 2703): setLightBrightness : mButtonLight : 69
01-01 08:20:53.259 D/PowerManagerService( 2703): enableLightSensor true
01-01 08:20:53.275 E/lights  ( 2703): write_int: path /sys/class/backlight/pwm-backlight/brightness, value 3
01-01 08:20:53.275 D/PowerManagerService( 2703): sendNotificationLocked on=true
01-01 08:20:53.275 D/PowerManagerService( 2703): mNotificationTask : on
01-01 08:20:53.280 D/KeyguardViewMediator( 2703): onScreenTurnedOn, seq = 6
01-01 08:20:53.280 D/KeyguardViewMediator( 2703): notifyScreenOnLocked
01-01 08:20:53.280 I/OrientationDebug( 2703): [pwm] in updateOrientationListenerLp()
01-01 08:20:53.280 V/OrientationDebug( 2703): in updateOrientationListenerLp(), Screen status=true, current orientation=5, SensorEnabled=false
01-01 08:20:53.280 I/OrientationDebug( 2703): [pwm] needSensorRunningLp(), return true #4
01-01 08:20:53.280 I/OrientationDebug( 2703): [pwm] in updateOrientationListenerLp(), now call mOrientationListener.enable(), and mOrientationSensorEnabled = true #1
01-01 08:20:53.280 I/OrientationDebug( 2703): [WindowOrientationListener] in enable(), now call SensorManager.registerListener()
01-01 08:20:53.280 D/SensorManager( 2703): registerListener :: handle = 0  name= K3DH Acceleration Sensor delay= 200000 Listener= android.view.WindowOrientationListener$SensorEventListenerImpl@4087f840
01-01 08:20:53.280 V/WindowManager( 2703): Setting event dispatching to true
01-01 08:20:53.290 D/KeyguardViewMediator( 2703): handleNotifyScreenOn
01-01 08:20:53.290 D/LockPatternKeyguardView( 2703): onScreenTurnedOn()
01-01 08:20:53.290 D/LockPatternKeyguardView( 2703): mLockScreen instanceof GlassLockScreen
01-01 08:20:53.290 D/GlassLockScreen( 2703): setScreenOn() mGlassLockScreenMusicWidget=com.android.internal.policy.impl.GlassLockScreenMusicWidget@4094aa70
01-01 08:20:53.290 D/LockscreenWallpaperUpdater( 2703): onResume()
01-01 08:20:53.290 D/LockscreenWallpaperUpdater( 2703): get drawable (public) 
01-01 08:20:53.290 D/LockscreenWallpaperUpdater( 2703): get drawable (keygurardupdatemonitor private get) 
01-01 08:20:53.290 D/LockscreenWallpaperUpdater( 2703): drawable is null(keygurardupdatemonitor private get) 
01-01 08:20:53.290 D/LockscreenWallpaperUpdater( 2703): set drawable
01-01 08:20:53.290 D/LockscreenWallpaperUpdater( 2703): wallpaper file not exist 
01-01 08:20:53.440 D/SurfaceFlinger( 2703): Screen about to return, flinger = 0x12ffe8
01-01 08:20:53.455 E/lights  ( 2703): write_int: path /sys/class/backlight/pwm-backlight/brightness, value 6
01-01 08:20:53.460 D/InputReader( 2703): Input event: value=0
01-01 08:20:53.465 D/dalvikvm( 2703): GC_EXTERNAL_ALLOC freed 436K, 42% free 7517K/12935K, external 4641K/5242K, paused 154ms
01-01 08:20:53.465 I/ScreenCaptureAction( 2703): updateHomeKeyPressed(), pressed = false
01-01 08:20:53.465 D/InputReader( 2703): Input event: value=1
01-01 08:20:53.465 I/ScreenCaptureAction( 2703): updateHomeKeyPressed(), pressed = true
01-01 08:20:53.465 D/InputReader( 2703): Input event: value=0
01-01 08:20:53.470 I/ScreenCaptureAction( 2703): updateHomeKeyPressed(), pressed = false
01-01 08:20:53.490 E/lights  ( 2703): write_int: path /sys/class/backlight/pwm-backlight/brightness, value 10
01-01 08:20:53.500 I/Launcher( 2910): onResume(). mIsNewIntent : false screenOff: true
01-01 08:20:53.500 I/HomeKeyDoubleClick( 2703): addAction() is called.  action = 1  canceled = false
01-01 08:20:53.500 I/InputDispatcher( 2703): Delivering key to current input target: action: 1, channel '4085e980  (server)'
01-01 08:20:53.500 I/InputDispatcher( 2703): Delivering key to current input target: action: 1, channel 'PointerDevice-3970 (server)'
01-01 08:20:53.500 I/HomeKeyDoubleClick( 2703): addAction() is called.  action = 0  canceled = false
01-01 08:20:53.500 I/HomeKeyDoubleClick( 2703): in addAction(), now add
01-01 08:20:53.500 I/HomeKeyDoubleClick( 2703): in addAction(), down event. now call postCheckRunnable().
01-01 08:20:53.500 I/HomeKeyDoubleClick( 2703): postCheckRunnable() is called
01-01 08:20:53.500 I/HomeKeyDoubleClick( 2703): in postCheckRunnable(), now posting.
01-01 08:20:53.500 I/HomeKeyDoubleClick( 2703): in postCheckRunnable(), posting success.
01-01 08:20:53.505 I/InputDispatcher( 2703): Delivering key to current input target: action: 0, channel '4085e980  (server)'
01-01 08:20:53.505 I/HomeKeyDoubleClick( 2703): addAction() is called.  action = 1  canceled = false
01-01 08:20:53.505 I/HomeKeyDoubleClick( 2703): in addAction(), now add
01-01 08:20:53.505 E/lights  ( 2703): write_int: path /sys/class/backlight/pwm-backlight/brightness, value 13
01-01 08:20:53.505 D/Launcher( 2910): It's image wallpaper. suggestDesiredDimensions(-1,-1)
01-01 08:20:53.510 I/InputDispatcher( 2703): Delivering key to current input target: action: 1, channel '4085e980  (server)'
01-01 08:20:53.515 I/InputDispatcher( 2703): Delivering key to current input target: action: 0, channel 'PointerDevice-3970 (server)'
01-01 08:20:53.540 E/lights  ( 2703): write_int: path /sys/class/backlight/pwm-backlight/brightness, value 17
01-01 08:20:53.565 E/lights  ( 2703): write_int: path /sys/class/backlight/pwm-backlight/brightness, value 20
01-01 08:20:53.575 I/InputDispatcher( 2703): Delivering key to current input target: action: 1, channel 'PointerDevice-3970 (server)'
01-01 08:20:53.605 E/lights  ( 2703): write_int: path /sys/class/backlight/pwm-backlight/brightness, value 24
01-01 08:20:53.610 I/StatusBarPolicy( 2842): onDataActivity-D:0
01-01 08:20:53.610 I/StatusBarPolicy( 2842): onDataActivity-D:0
01-01 08:20:53.620 D/UnlockClock( 2703): GMT_update mRightNow.getTimeZone().getID() == Asia/Hong_Kong
01-01 08:20:53.620 D/GlassLockScreenMusicWidget( 2703): onResume() isTopLayout=true, isMaxLayout=false
01-01 08:20:53.620 D/GlassLockScreenMusicWidget( 2703): mHeightDifference = 65
01-01 08:20:53.620 D/GlassLockScreenMusicWidget( 2703): onResume()show
01-01 08:20:53.620 D/GlassLockScreenMusicWidget( 2703): setMaxLayout()
01-01 08:20:53.620 D/GlassLockScreenMusicWidget( 2703): startTranslateAnimation()
01-01 08:20:53.620 D/GlassLockScreenMusicWidget( 2703): resetMinTimer()
01-01 08:20:53.620 D/GlassLockScreenMusicWidget( 2703): removeMinTimer()
01-01 08:20:53.620 D/GlassLockScreenMusicWidget( 2703): addMinTimer()
01-01 08:20:53.620 D/GlassLockScreenMissedEventWidget( 2703): onResume()
01-01 08:20:53.620 D/GlassLockscreenInfo( 2703): onResume()
01-01 08:20:53.625 E/lights  ( 2703): write_int: path /sys/class/backlight/pwm-backlight/brightness, value 27
01-01 08:20:53.645 E/lights  ( 2703): write_int: path /sys/class/backlight/pwm-backlight/brightness, value 31
01-01 08:20:53.655 D/PhoneUtils( 2862): updateRAFT() : FactoryMode : false
01-01 08:20:53.665 E/lights  ( 2703): write_int: path /sys/class/backlight/pwm-backlight/brightness, value 34
01-01 08:20:53.700 E/lights  ( 2703): write_int: path /sys/class/backlight/pwm-backlight/brightness, value 37
01-01 08:20:53.705 E/GlassLockScreenMusicWidget( 2703): onReceive() : intent=Intent { act=android.intent.action.SCREEN_ON flg=0x40000000 }
01-01 08:20:53.705 E/GlassLockScreenFMRadioWidget( 2703): onReceive() : intent action=android.intent.action.SCREEN_ON
01-01 08:20:53.710 E/com.samsung.app( 3016): [MSC]>>> WeatherWidgetProvider.java:323 [0:0] onReceive()@@@ sec.android.intent.action.HOME_RESUME
01-01 08:20:53.710 E/com.samsung.app( 3016): [MSC]>>> WidgetIdManager.java:39 [0:0] AccuWeatherClockWidgetID_Length
01-01 08:20:53.710 E/com.samsung.app( 3016): [MSC]>>> WidgetIdManager.java:40 [0:0] getPrefIDs() : length = 0
01-01 08:20:53.720 I/PhotoAppWidgetProvider( 3669): onReceive
01-01 08:20:53.720 I/PhotoAppWidgetProvider( 3669): RestartSlideShow
01-01 08:20:53.720 D/PhotoDatabaseHelper( 3669): getWidgetIdList query count : 0
01-01 08:20:53.725 D/PhotoAppWidgetProvider( 3669): onReceive End
01-01 08:20:53.725 D/DigitalClock( 3245): DigitalClockAppWidget.onReceive : ACTION_HOME_RESUME is called!!
01-01 08:20:53.735 I/System.out( 3790): FMRADIO Sending OFF broadcast .... 
01-01 08:20:53.735 E/GlassLockScreenFMRadioWidget( 2703): onReceive() : intent action=com.android.fm.player_lock.status.off
01-01 08:20:53.750 E/lights  ( 2703): write_int: path /sys/class/backlight/pwm-backlight/brightness, value 41
01-01 08:20:53.775 E/lights  ( 2703): write_int: path /sys/class/backlight/pwm-backlight/brightness, value 44
01-01 08:20:53.780 D/Buddies--------------------------->( 3682): Service:OnReceive ACTION_HOME_RESUME called
01-01 08:20:53.785 D/GlassLockScreenFMRadioWidget( 2703): handleMediaUpdate !! isPlaying = 0 isStop = 1 mIsFMPlayerPlaying = false
01-01 08:20:53.790 E/lights  ( 2703): write_int: path /sys/class/backlight/pwm-backlight/brightness, value 48
01-01 08:20:53.805 E/lights  ( 2703): write_int: path /sys/class/backlight/pwm-backlight/brightness, value 51
01-01 08:20:53.820 E/lights  ( 2703): write_int: path /sys/class/backlight/pwm-backlight/brightness, value 55
01-01 08:20:53.835 E/lights  ( 2703): write_int: path /sys/class/backlight/pwm-backlight/brightness, value 58
01-01 08:20:53.855 E/lights  ( 2703): write_int: path /sys/class/backlight/pwm-backlight/brightness, value 62
01-01 08:20:53.870 E/lights  ( 2703): write_int: path /sys/class/backlight/pwm-backlight/brightness, value 65
01-01 08:20:53.885 E/lights  ( 2703): write_int: path /sys/class/backlight/pwm-backlight/brightness, value 69
01-01 08:20:53.885 I/PowerManagerService( 2703): Light Animator Finished curIntValue=69
01-01 08:20:54.005 I/HomeKeyDoubleClick( 2703): run() is called *****************************************************
01-01 08:20:54.005 I/HomeKeyDoubleClick( 2703): isSingleClick() is called
01-01 08:20:54.005 I/HomeKeyDoubleClick( 2703): list value =   (0) 0  (1) 1
01-01 08:20:54.005 I/HomeKeyDoubleClick( 2703): in isSingleClick() true
01-01 08:20:54.005 I/HomeKeyDoubleClick( 2703): -------------------------------single clicked
01-01 08:20:54.005 I/HomeKeyDoubleClick( 2703): singleClickJob() is called.
01-01 08:20:54.005 I/HomeKeyDoubleClick( 2703):   in singleClickJob(), mSentHomeDownToApp is false. Now call launchHomeFromHotKey()
01-01 08:20:54.005 I/HomeKeyDoubleClick( 2703): launchHomeFromHotKey() is called.
01-01 08:20:54.005 I/HomeKeyDoubleClick( 2703):   in launchHomeFromHotKey(), keyguard is on. do nothing.
01-01 08:20:54.005 I/HomeKeyDoubleClick( 2703): reset() is called
01-01 08:20:54.010 I/HomeKeyDoubleClick( 2703): in reset()  after reset, mPosted = false  mHomeActionList.size() = 0
01-01 08:20:54.660 I/InputReader( 2703): dispatchTouch::touch event's action is 0, pending(waiting finished signal)=0
01-01 08:20:54.660 I/InputDispatcher( 2703): Delivering touch to current input target: action: 0, channel '4085e980  (server)'
01-01 08:20:54.660 I/InputDispatcher( 2703): Delivering touch to current input target: action: 0, channel 'PointerDevice-3970 (server)'
01-01 08:20:54.674 E/lights  ( 2703): write_int: path /sys/class/leds/keyboard-backlight/brightness, value 0
01-01 08:20:54.674 D/PowerManagerService( 2703): onSensorChanged: light value: 100
01-01 08:20:54.674 D/PowerManagerService( 2703): lightSensorChangedLocked 100
01-01 08:20:54.674 D/PowerManagerService( 2703): lcdValue 69
01-01 08:20:54.674 D/PowerManagerService( 2703): buttonValue 0
01-01 08:20:54.674 D/PowerManagerService( 2703): keyboardValue 0
01-01 08:20:54.720 I/InputReader( 2703): dispatchTouch::touch event's action is 1, pending(waiting finished signal)=0
01-01 08:20:54.720 I/InputDispatcher( 2703): Delivering touch to current input target: action: 1, channel '4085e980  (server)'
01-01 08:20:54.720 I/InputDispatcher( 2703): Delivering touch to current input target: action: 1, channel 'PointerDevice-3970 (server)'
01-01 08:20:54.725 E/AudioPolicyManager( 2587): getParamFromPolicy
01-01 08:20:54.725 E/AudioPolicyManager( 2587): getSituationVolume
01-01 08:20:54.725 I/AudioPolicyManager( 2587): getSituationVolume: isBTConnected:0 isHeadConnected:0
01-01 08:20:54.730 I/AudioFlinger( 2587): start output streamType (0, 1) for 1
01-01 08:20:54.755 D/LockscreenWallpaperUpdater( 2703): onResume()
01-01 08:20:54.755 D/LockscreenWallpaperUpdater( 2703): get drawable (public) 
01-01 08:20:54.755 D/LockscreenWallpaperUpdater( 2703): get drawable (keygurardupdatemonitor private get) 
01-01 08:20:54.755 D/LockscreenWallpaperUpdater( 2703): drawable is null(keygurardupdatemonitor private get) 
01-01 08:20:54.755 D/LockscreenWallpaperUpdater( 2703): set drawable
01-01 08:20:54.755 D/LockscreenWallpaperUpdater( 2703): wallpaper file not exist 
01-01 08:20:54.855 I/ALSAModule( 2587): Initialized ALSA PLAYBACK device hifi
01-01 08:20:54.855 W/AudioFlinger( 2587): write blocked for 86 msecs, 35 delayed writes, thread 0x5e988
01-01 08:20:54.930 W/WindowManager( 2703): Window Window{4085e980  paused=false} destroyed surface Surface(name=, identity=-1, mNativeSurface=0), session Session{40678a10 uid 1000}
01-01 08:20:55.065 I/AudioFlinger( 2587): stop output streamType (0, 1) for 1
01-01 08:20:55.780 I/InputReader( 2703): dispatchTouch::touch event's action is 0, pending(waiting finished signal)=0
01-01 08:20:55.780 I/InputDispatcher( 2703): Delivering touch to current input target: action: 0, channel '408bf658 Keyguard (server)'
01-01 08:20:55.780 I/InputDispatcher( 2703): Delivering touch to current input target: action: 0, channel 'PointerDevice-3970 (server)'
01-01 08:20:55.780 D/KeyguardViewMediator( 2703): pokeWakelock(5000)
01-01 08:20:55.780 D/GlassLockScreenMusicWidget( 2703): setControllerVisibility() : bIsVisible=false, mVisibleLayout=false
01-01 08:20:55.780 D/GlassLockScreenMusicWidget( 2703): removeMinTimer()
01-01 08:20:55.780 D/PowerManagerService( 2703): acquireWakeLock flags=0x1000001a tag=keyguard uid=1000 pid=2703   myUID=1000 myPID=2703 myTID=2768
01-01 08:20:55.850 D/KeyguardViewMediator( 2703): pokeWakelock(5000)
01-01 08:20:55.850 D/PowerManagerService( 2703): acquireWakeLock flags=0x1000001a tag=keyguard uid=1000 pid=2703   myUID=1000 myPID=2703 myTID=2768
01-01 08:20:55.910 D/KeyguardViewMediator( 2703): pokeWakelock(5000)
01-01 08:20:55.910 D/PowerManagerService( 2703): acquireWakeLock flags=0x1000001a tag=keyguard uid=1000 pid=2703   myUID=1000 myPID=2703 myTID=2768
01-01 08:20:55.965 D/KeyguardViewMediator( 2703): pokeWakelock(5000)
01-01 08:20:55.965 D/PowerManagerService( 2703): acquireWakeLock flags=0x1000001a tag=keyguard uid=1000 pid=2703   myUID=1000 myPID=2703 myTID=2768
01-01 08:20:55.995 D/KeyguardViewMediator( 2703): pokeWakelock(5000)
01-01 08:20:55.995 D/PowerManagerService( 2703): acquireWakeLock flags=0x1000001a tag=keyguard uid=1000 pid=2703   myUID=1000 myPID=2703 myTID=2768
01-01 08:20:56.015 I/InputReader( 2703): dispatchTouch::touch event's action is 1, pending(waiting finished signal)=0
01-01 08:20:56.015 I/InputDispatcher( 2703): Delivering touch to current input target: action: 1, channel '408bf658 Keyguard (server)'
01-01 08:20:56.015 I/InputDispatcher( 2703): Delivering touch to current input target: action: 1, channel 'PointerDevice-3970 (server)'
01-01 08:20:56.020 D/GlassLockScreenMusicWidget( 2703): setControllerVisibility() : bIsVisible=true, mVisibleLayout=false
01-01 08:20:56.520 I/InputReader( 2703): dispatchTouch::touch event's action is 0, pending(waiting finished signal)=0
01-01 08:20:56.520 I/InputDispatcher( 2703): Delivering touch to current input target: action: 0, channel '408bf658 Keyguard (server)'
01-01 08:20:56.520 I/InputDispatcher( 2703): Delivering touch to current input target: action: 0, channel 'PointerDevice-3970 (server)'
01-01 08:20:56.520 D/KeyguardViewMediator( 2703): pokeWakelock(5000)
01-01 08:20:56.520 D/PowerManagerService( 2703): acquireWakeLock flags=0x1000001a tag=keyguard uid=1000 pid=2703   myUID=1000 myPID=2703 myTID=2768
01-01 08:20:56.525 D/GlassLockScreenMusicWidget( 2703): setControllerVisibility() : bIsVisible=false, mVisibleLayout=false
01-01 08:20:56.525 D/GlassLockScreenMusicWidget( 2703): removeMinTimer()
01-01 08:20:56.600 D/KeyguardViewMediator( 2703): pokeWakelock(5000)
01-01 08:20:56.600 D/PowerManagerService( 2703): acquireWakeLock flags=0x1000001a tag=keyguard uid=1000 pid=2703   myUID=1000 myPID=2703 myTID=2768
01-01 08:20:56.660 D/KeyguardViewMediator( 2703): pokeWakelock(5000)
01-01 08:20:56.660 D/PowerManagerService( 2703): acquireWakeLock flags=0x1000001a tag=keyguard uid=1000 pid=2703   myUID=1000 myPID=2703 myTID=2768
01-01 08:20:56.675 E/BatteryService( 2703): TMU status = 0
01-01 08:20:56.675 D/BatteryService( 2703): update start
01-01 08:20:56.675 D/BatteryService( 2703): updateBattery level:7 scale:100 status:2 health:2 present:true voltage: 3788 temperature: 370 technology: Li-ion AC powered:false USB powered:true icon:17302233
01-01 08:20:56.680 W/System.err( 3540): java.lang.NoSuchMethodException: isKeyguardLocked
01-01 08:20:56.680 W/System.err( 3540): 	at java.lang.ClassCache.findMethodByName(ClassCache.java:247)
01-01 08:20:56.680 W/System.err( 3540): 	at java.lang.Class.getMethod(Class.java:962)
01-01 08:20:56.680 W/System.err( 3540): 	at com.qihoo360.mobilesafe.util.z.e(Unknown Source)
01-01 08:20:56.680 W/System.err( 3540): 	at com.qihoo.appstore.notification.c.run(Unknown Source)
01-01 08:20:56.680 W/System.err( 3540): 	at android.os.Handler.handleCallback(Handler.java:587)
01-01 08:20:56.680 W/System.err( 3540): 	at android.os.Handler.dispatchMessage(Handler.java:92)
01-01 08:20:56.680 W/System.err( 3540): 	at android.os.Looper.loop(Looper.java:130)
01-01 08:20:56.680 W/System.err( 3540): 	at android.app.ActivityThread.main(ActivityThread.java:3691)
01-01 08:20:56.680 W/System.err( 3540): 	at java.lang.reflect.Method.invokeNative(Native Method)
01-01 08:20:56.680 W/System.err( 3540): 	at java.lang.reflect.Method.invoke(Method.java:507)
01-01 08:20:56.680 W/System.err( 3540): 	at com.android.internal.os.ZygoteInit$MethodAndArgsCaller.run(ZygoteInit.java:907)
01-01 08:20:56.680 W/System.err( 3540): 	at com.android.internal.os.ZygoteInit.main(ZygoteInit.java:665)
01-01 08:20:56.680 W/System.err( 3540): 	at dalvik.system.NativeStart.main(Native Method)
01-01 08:20:56.685 D/PhoneUtils( 2862): updateRAFT() : FactoryMode : false
01-01 08:20:56.690 I/StatusBarPolicy( 2842): BAT. S:2 H:2
01-01 08:20:56.715 D/KeyguardViewMediator( 2703): pokeWakelock(5000)
01-01 08:20:56.715 D/PowerManagerService( 2703): acquireWakeLock flags=0x1000001a tag=keyguard uid=1000 pid=2703   myUID=1000 myPID=2703 myTID=2768
01-01 08:20:56.740 D/KeyguardViewMediator( 2703): pokeWakelock(5000)
01-01 08:20:56.740 D/PowerManagerService( 2703): acquireWakeLock flags=0x1000001a tag=keyguard uid=1000 pid=2703   myUID=1000 myPID=2703 myTID=2768
01-01 08:20:56.760 D/KeyguardViewMediator( 2703): pokeWakelock(5000)
01-01 08:20:56.760 D/PowerManagerService( 2703): acquireWakeLock flags=0x1000001a tag=keyguard uid=1000 pid=2703   myUID=1000 myPID=2703 myTID=2768
01-01 08:20:56.775 D/KeyguardViewMediator( 2703): pokeWakelock(5000)
01-01 08:20:56.775 E/GlassLockScreen( 2703): Threshold is reached. goToUnlockScreen !!
01-01 08:20:56.775 D/KeyguardViewMediator( 2703): keyguardDone(true)
01-01 08:20:56.775 D/PowerManagerService( 2703): acquireWakeLock flags=0x1000001a tag=keyguard uid=1000 pid=2703   myUID=1000 myPID=2703 myTID=2768
01-01 08:20:56.790 D/KeyguardViewMediator( 2703): handleKeyguardDone
01-01 08:20:56.790 D/KeyguardViewMediator( 2703): handleHide
01-01 08:20:56.790 D/KeyguardViewMediator( 2703): adjustUserActivityLocked mShowing: false mHidden: false
01-01 08:20:56.790 D/PowerManagerService( 2703): enableUserActivity true
01-01 08:20:56.790 D/StatusBarManagerService( 2703): manageDisableList what=0x0 pkg=android
01-01 08:20:56.795 E/lights  ( 2703): write_int: path /sys/devices/virtual/misc/melfas_touchkey/brightness, value 2
01-01 08:20:56.795 E/KeyguardViewMediator( 2703): Phone is boot completed. so can broadcast
01-01 08:20:56.795 D/PowerManagerService( 2703): releaseWakeLockLocked flags=0x0 tag=keyguard myUID=1000 myPID=2703 myTID=2768
01-01 08:20:56.795 I/PowerManagerService( 2703): Ulight 7->3|0
01-01 08:20:56.795 D/PowerManagerService( 2703): setLightBrightness : mButtonLight : 0
01-01 08:20:56.800 I/Launcher( 2910): ACTION_USER_PRESENT
01-01 08:20:56.800 D/KeyguardViewMediator( 2703): pokeWakelock(5000)
01-01 08:20:56.800 E/lights  ( 2703): write_int: path /sys/devices/virtual/misc/melfas_touchkey/brightness, value 1
01-01 08:20:56.800 D/PowerManagerService( 2703): acquireWakeLock flags=0x1000001a tag=keyguard uid=1000 pid=2703   myUID=1000 myPID=2703 myTID=2768
01-01 08:20:56.800 I/PowerManagerService( 2703): Ulight 3->7|0
01-01 08:20:56.800 D/PowerManagerService( 2703): setLightBrightness : mButtonLight : 69
01-01 08:20:56.805 I/OrientationDebug( 2703): [pwm] in updateOrientationListenerLp()
01-01 08:20:56.805 V/OrientationDebug( 2703): in updateOrientationListenerLp(), Screen status=true, current orientation=1, SensorEnabled=true
01-01 08:20:56.805 I/OrientationDebug( 2703): [pwm] needSensorRunningLp(), return true #4
01-01 08:20:56.805 I/Launcher( 2910): onWindowFocusChanged(true)
01-01 08:20:56.810 E/SamsungDecoderService>>>>>>>>( 2859): go into imStoreUdb
01-01 08:20:56.810 V/SamsungDecoderService( 2859): go into storeUdbToFile
01-01 08:20:56.810 I/        ( 2859): SamsungDecoderService.cpp::go into read Buffer
01-01 08:20:56.810 I/        ( 2859): PinyinDecoderService: nativeImSetLanguage(): language = zh_CN
01-01 08:20:56.810 D/XT9     ( 2859): >>>>>>>>>>>>go into GetUdbBuf simplified chinese>>>>>
01-01 08:20:56.810 I/        ( 2859): im get udb buf len is 8192
01-01 08:20:56.810 I/        ( 2859): SamsungDecoderService.cpp::go into read Buffer
01-01 08:20:56.810 I/        ( 2859): PinyinDecoderService: nativeImSetLanguage(): language = zh_TW
01-01 08:20:56.810 D/XT9     ( 2859): >>>>>>>>>>>>go into GetUdbBuf traditinal chinese>>>>>
01-01 08:20:56.810 I/        ( 2859): im get udb buf len is 8192
01-01 08:20:56.810 W/InputManagerService( 2703): Window already focused, ignoring focus gain of: com.android.internal.view.IInputMethodClient$Stub$Proxy@40bfd1b0
01-01 08:20:56.820 I/dalvikvm( 2845): Total arena pages for JIT: 11
01-01 08:20:56.835 E/MTPRx   ( 3661): In MtpReceiverandroid.intent.action.USER_PRESENT
01-01 08:20:56.860 I/InputReader( 2703): dispatchTouch::touch event's action is 1, pending(waiting finished signal)=2
01-01 08:20:56.865 D/KeyguardViewMediator( 2703): pokeWakelock(5000)
01-01 08:20:56.865 D/PowerManagerService( 2703): acquireWakeLock flags=0x1000001a tag=keyguard uid=1000 pid=2703   myUID=1000 myPID=2703 myTID=2768
01-01 08:20:56.870 D/KeyguardViewMediator( 2703): pokeWakelock(5000)
01-01 08:20:56.870 I/InputDispatcher( 2703): Delivering touch to current input target: action: 1, channel '408bf658 Keyguard (server)'
01-01 08:20:56.870 D/PowerManagerService( 2703): acquireWakeLock flags=0x1000001a tag=keyguard uid=1000 pid=2703   myUID=1000 myPID=2703 myTID=2768
01-01 08:20:56.885 I/InputDispatcher( 2703): Delivering touch to current input target: action: 1, channel 'PointerDevice-3970 (server)'
01-01 08:20:56.910 V/SettingsProvider( 2703): system <- value=0 name=phone_lock_status
01-01 08:20:56.910 V/SettingsProvider( 2703): property: sys.settings_system_version=16
01-01 08:20:56.910 V/SettingsProvider( 2703): notifying: content://settings/system/phone_lock_status
01-01 08:20:56.910 W/MTPRx   ( 3661): Result for phone lock status in ACTION USER PRESENTtrue
01-01 08:20:56.910 D/PowerManagerService( 2703): setScreenOffTimeouts mKeylightDelay=1500 mDimDelay=21500 mScreenOffDelay=7000 mDimScreen=true
01-01 08:20:56.915 E/MTPRx   ( 3661): file kieswifi.dat is not found
01-01 08:20:56.915 E/MTPRx   ( 3661): Battery charging. plugType = 2
01-01 08:20:56.915 E/MTPRx   ( 3661): USB charging
01-01 08:20:56.915 E/MTPRx   ( 3661): usb mode = 0
01-01 08:20:56.915 E/MTPRx   ( 3661): usb debugging is enabled
01-01 08:20:56.965 I/WindowManager( 2703):   CREATE SURFACE Surface(name=, identity=100, mNativeSurface=0) IN SESSION android.view.SurfaceSession@40c96ef0: pid=2845 format=-3 flags=0x0 / Window{408ec1c8  paused=false}
01-01 08:20:57.070 D/PowerManagerService( 2703): onSensorChanged: light value: 100
01-01 08:20:57.130 I/ALSAModule( 2587): Terminated ALSA PLAYBACK device hifi
01-01 08:20:57.210 W/WindowManager( 2703): Window Window{408bf658 Keyguard paused=false} destroyed surface Surface(name=Keyguard, identity=-1, mNativeSurface=0), session Session{4077ff18 uid 1000}
01-01 08:20:57.295 D/GlassLockScreenMusicWidget( 2703): onPause()
01-01 08:20:57.295 D/GlassLockScreenMusicWidget( 2703): stopMarguee()
01-01 08:20:57.295 D/GlassLockScreenMissedEventWidget( 2703): onPause()
01-01 08:20:57.295 D/GlassLockScreenMusicWidget( 2703): cleanUp()
01-01 08:20:57.295 D/GlassLockScreenMusicWidget( 2703): stopMarguee()
01-01 08:20:57.295 D/GlassLockScreenMissedEventWidget( 2703): cleanUp()
01-01 08:20:57.295 D/LockscreenWallpaperUpdater( 2703): cleanUp()
01-01 08:20:57.295 D/GlassLockscreenInfo( 2703): cleanUp()
01-01 08:20:57.295 D/LockscreenWallpaperUpdater( 2703): cleanUp()
01-01 08:20:58.275 D/PowerManagerService( 2703): onSensorChanged: light value: 100
01-01 08:20:58.295 D/GlassLockScreenMusicWidget( 2703): handleStopMarquee()
01-01 08:20:58.360 W/PowerManagerService( 2703): Timer 0x7->0x3|0x7
01-01 08:20:59.690 W/System.err( 3540): java.lang.NoSuchMethodException: isKeyguardLocked
01-01 08:20:59.690 W/System.err( 3540): 	at java.lang.ClassCache.findMethodByName(ClassCache.java:247)
01-01 08:20:59.690 W/System.err( 3540): 	at java.lang.Class.getMethod(Class.java:962)
01-01 08:20:59.690 W/System.err( 3540): 	at com.qihoo360.mobilesafe.util.z.e(Unknown Source)
01-01 08:20:59.690 W/System.err( 3540): 	at com.qihoo.appstore.notification.c.run(Unknown Source)
01-01 08:20:59.690 W/System.err( 3540): 	at android.os.Handler.handleCallback(Handler.java:587)
01-01 08:20:59.690 W/System.err( 3540): 	at android.os.Handler.dispatchMessage(Handler.java:92)
01-01 08:20:59.690 W/System.err( 3540): 	at android.os.Looper.loop(Looper.java:130)
01-01 08:20:59.690 W/System.err( 3540): 	at android.app.ActivityThread.main(ActivityThread.java:3691)
01-01 08:20:59.690 W/System.err( 3540): 	at java.lang.reflect.Method.invokeNative(Native Method)
01-01 08:20:59.690 W/System.err( 3540): 	at java.lang.reflect.Method.invoke(Method.java:507)
01-01 08:20:59.690 W/System.err( 3540): 	at com.android.internal.os.ZygoteInit$MethodAndArgsCaller.run(ZygoteInit.java:907)
01-01 08:20:59.695 W/System.err( 3540): 	at com.android.internal.os.ZygoteInit.main(ZygoteInit.java:665)
01-01 08:20:59.695 W/System.err( 3540): 	at dalvik.system.NativeStart.main(Native Method)
01-01 08:21:01.870 D/KeyguardViewMediator( 2703): handleTimeout
01-01 08:21:01.875 E/lights  ( 2703): write_int: path /sys/devices/virtual/misc/melfas_touchkey/brightness, value 2
01-01 08:21:01.875 D/PowerManagerService( 2703): releaseWakeLockLocked flags=0x0 tag=keyguard myUID=1000 myPID=2703 myTID=2768
01-01 08:21:01.875 I/PowerManagerService( 2703): Ulight 7->3|0
01-01 08:21:01.875 D/PowerManagerService( 2703): setLightBrightness : mButtonLight : 0
01-01 08:21:07.685 D/dalvikvm( 3110): GC_EXPLICIT freed 114K, 43% free 4180K/7239K, external 0K/0K, paused 109ms
01-01 08:21:12.670 D/dalvikvm( 3135): GC_EXPLICIT freed 4K, 50% free 2730K/5379K, external 0K/0K, paused 89ms
01-01 08:21:17.700 D/dalvikvm( 3515): GC_EXPLICIT freed 5K, 49% free 2792K/5379K, external 0K/0K, paused 110ms
01-01 08:21:19.880 E/lights  ( 2703): write_int: path /sys/class/backlight/pwm-backlight/brightness, value 66
01-01 08:21:19.880 W/PowerManagerService( 2703): Timer 0x3->0x1|0x0
01-01 08:21:19.880 I/PowerManagerService( 2703): Ulight 3->1|0
