01-01 08:21:51.975 I/InputReader( 2703): dispatchTouch::touch event's action is 1, pending(waiting finished signal)=0
01-01 08:21:51.975 I/InputDispatcher( 2703): Delivering touch to current input target: action: 1, channel '40afe8e0 com.visualon.AppUI/com.visualon.AppUI.HistoryActivity (server)'
01-01 08:21:51.975 I/InputDispatcher( 2703): Delivering touch to current input target: action: 1, channel 'PointerDevice-3970 (server)'
01-01 08:21:52.079 I/WindowOrientationListener( 2703): orientation = 13.868716 Tilt = 35.0866 -- 1 ,  7 ,  5
01-01 08:21:52.110 E/AudioPolicyManager( 2587): getParamFromPolicy
01-01 08:21:52.110 E/AudioPolicyManager( 2587): getSituationVolume
01-01 08:21:52.110 I/AudioPolicyManager( 2587): getSituationVolume: isBTConnected:0 isHeadConnected:0
01-01 08:21:52.110 I/AudioFlinger( 2587): start output streamType (0, 1) for 1
01-01 08:21:52.120 I/ActivityManager( 2703): Starting: Intent { flg=0x24000000 cmp=com.visualon.AppUI/.MainActivity (has extras) } from pid 5338
01-01 08:21:52.130 W/ActivityManager( 2703): Duplicate finish request for HistoryRecord{40a04128 com.visualon.AppUI/.HistoryActivity}
01-01 08:21:52.145 I/WindowManager( 2703):   CREATE SURFACE Surface(name=com.visualon.AppUI/com.visualon.AppUI.MainActivity, identity=106, mNativeSurface=0) IN SESSION android.view.SurfaceSession@408a7188: pid=5338 format=-1 flags=0x0 / Window{409ef390 com.visualon.AppUI/com.visualon.AppUI.MainActivity paused=false}
01-01 08:21:52.150 E/SamsungDecoderService>>>>>>>>( 2859): go into imStoreUdb
01-01 08:21:52.150 V/SamsungDecoderService( 2859): go into storeUdbToFile
01-01 08:21:52.150 I/        ( 2859): SamsungDecoderService.cpp::go into read Buffer
01-01 08:21:52.150 I/        ( 2859): PinyinDecoderService: nativeImSetLanguage(): language = zh_CN
01-01 08:21:52.150 D/XT9     ( 2859): >>>>>>>>>>>>go into GetUdbBuf simplified chinese>>>>>
01-01 08:21:52.150 I/        ( 2859): im get udb buf len is 8192
01-01 08:21:52.150 I/        ( 2859): SamsungDecoderService.cpp::go into read Buffer
01-01 08:21:52.150 I/        ( 2859): PinyinDecoderService: nativeImSetLanguage(): language = zh_TW
01-01 08:21:52.150 D/XT9     ( 2859): >>>>>>>>>>>>go into GetUdbBuf traditinal chinese>>>>>
01-01 08:21:52.150 I/        ( 2859): im get udb buf len is 8192
01-01 08:21:52.330 W/WindowManager( 2703): Window Window{40afe8e0 com.visualon.AppUI/com.visualon.AppUI.HistoryActivity paused=false} destroyed surface Surface(name=com.visualon.AppUI/com.visualon.AppUI.HistoryActivity, identity=-1, mNativeSurface=0), session Session{408bf320 uid 10102}
01-01 08:21:52.425 I/AudioFlinger( 2587): stop output streamType (0, 1) for 1
01-01 08:21:52.515 D/dalvikvm( 5338): GC_CONCURRENT freed 156K, 44% free 3367K/5959K, external 1608K/1872K, paused 1ms+8ms
01-01 08:21:52.630 V/webview ( 5338): ZoomScale 3 mPreserveZoom: false
01-01 08:21:53.080 I/WindowOrientationListener( 2703): orientation = 13.512083 Tilt = 34.21609 -- 1 ,  7 ,  5
01-01 08:21:53.260 I/InputReader( 2703): dispatchTouch::touch event's action is 0, pending(waiting finished signal)=0
01-01 08:21:53.260 I/InputDispatcher( 2703): Delivering touch to current input target: action: 0, channel '409ef390 com.visualon.AppUI/com.visualon.AppUI.MainActivity (server)'
01-01 08:21:53.260 I/InputDispatcher( 2703): Delivering touch to current input target: action: 0, channel 'PointerDevice-3970 (server)'
01-01 08:21:53.370 I/InputReader( 2703): dispatchTouch::touch event's action is 1, pending(waiting finished signal)=0
01-01 08:21:53.370 I/InputDispatcher( 2703): Delivering touch to current input target: action: 1, channel '409ef390 com.visualon.AppUI/com.visualon.AppUI.MainActivity (server)'
01-01 08:21:53.370 I/InputDispatcher( 2703): Delivering touch to current input target: action: 1, channel 'PointerDevice-3970 (server)'
01-01 08:21:53.370 V/webview ( 5338):  singleCursorHandlerTouchEvent -getEditableSupport  FASLE 
01-01 08:21:53.775 V/webview ( 5338): doShortPress : mNativeClass - 2699440 mPreventDefault -  0
01-01 08:21:53.790 E/AudioPolicyManager( 2587): getParamFromPolicy
01-01 08:21:53.790 E/AudioPolicyManager( 2587): getSituationVolume
01-01 08:21:53.790 I/AudioPolicyManager( 2587): getSituationVolume: isBTConnected:0 isHeadConnected:0
01-01 08:21:53.800 I/AudioFlinger( 2587): start output streamType (0, 1) for 1
01-01 08:21:54.050 D/PowerManagerService( 2703): onSensorChanged: light value: 100
01-01 08:21:54.070 V/webview ( 5338): ZoomScale 3 mPreserveZoom: false
01-01 08:21:54.080 I/WindowOrientationListener( 2703): orientation = 12.911808 Tilt = 35.996113 -- 1 ,  7 ,  5
01-01 08:21:54.105 I/AudioFlinger( 2587): stop output streamType (0, 1) for 1
01-01 08:21:54.870 W/PowerManagerService( 2703): Timer 0x7->0x3|0x0
01-01 08:21:54.870 E/lights  ( 2703): write_int: path /sys/devices/virtual/misc/melfas_touchkey/brightness, value 2
01-01 08:21:54.870 I/PowerManagerService( 2703): Ulight 7->3|0
01-01 08:21:54.870 D/PowerManagerService( 2703): setLightBrightness : mButtonLight : 0
01-01 08:21:55.085 I/WindowOrientationListener( 2703): orientation = 16.132915 Tilt = 39.12366 -- 2 ,  7 ,  6
01-01 08:21:55.250 D/PowerManagerService( 2703): onSensorChanged: light value: 100
01-01 08:21:55.305 I/InputReader( 2703): dispatchTouch::touch event's action is 0, pending(waiting finished signal)=0
01-01 08:21:55.305 I/InputDispatcher( 2703): Delivering touch to current input target: action: 0, channel '409ef390 com.visualon.AppUI/com.visualon.AppUI.MainActivity (server)'
01-01 08:21:55.305 I/InputDispatcher( 2703): Delivering touch to current input target: action: 0, channel 'PointerDevice-3970 (server)'
01-01 08:21:55.305 E/lights  ( 2703): write_int: path /sys/devices/virtual/misc/melfas_touchkey/brightness, value 1
01-01 08:21:55.305 I/PowerManagerService( 2703): Ulight 3->7|0
01-01 08:21:55.305 D/PowerManagerService( 2703): setLightBrightness : mButtonLight : 69
01-01 08:21:55.395 I/InputReader( 2703): dispatchTouch::touch event's action is 1, pending(waiting finished signal)=0
01-01 08:21:55.395 I/InputDispatcher( 2703): Delivering touch to current input target: action: 1, channel '409ef390 com.visualon.AppUI/com.visualon.AppUI.MainActivity (server)'
01-01 08:21:55.395 I/InputDispatcher( 2703): Delivering touch to current input target: action: 1, channel 'PointerDevice-3970 (server)'
01-01 08:21:55.395 V/webview ( 5338):  singleCursorHandlerTouchEvent -getEditableSupport  FASLE 
01-01 08:21:55.800 V/webview ( 5338): doShortPress : mNativeClass - 2699440 mPreventDefault -  0
01-01 08:21:55.905 E/AudioPolicyManager( 2587): getParamFromPolicy
01-01 08:21:55.905 E/AudioPolicyManager( 2587): getSituationVolume
01-01 08:21:55.905 I/AudioPolicyManager( 2587): getSituationVolume: isBTConnected:0 isHeadConnected:0
01-01 08:21:55.910 I/AudioFlinger( 2587): start output streamType (0, 1) for 1
01-01 08:21:55.950 I/[APP][Time]( 5338): Init start time: 946686115951 ms
01-01 08:21:55.950 V/@@@VOCommonPlayerImpl( 5338): myLooper()1
01-01 08:21:55.950 I/@@@VOCommonPlayerImpl( 5338): VOCommonPlayerImpl construct.
01-01 08:21:55.955 V/@@@OSMPBasePlayer( 5338): myLooper()1
01-01 08:21:55.955 V/@@@OSMPBasePlayer( 5338): voOSBasePlayer Init -
01-01 08:21:55.955 I/dalvikvm( 5338): Failed resolving Lcom/visualon/OSMPEngine/voOnStreamSDK$3; interface 27 'Landroid/bluetooth/BluetoothProfile$ServiceListener;'
01-01 08:21:55.955 W/dalvikvm( 5338): Link of class 'Lcom/visualon/OSMPEngine/voOnStreamSDK$3;' failed
01-01 08:21:55.955 E/dalvikvm( 5338): Could not find class 'com.visualon.OSMPEngine.voOnStreamSDK$3', referenced from method com.visualon.OSMPEngine.voOnStreamSDK.<init>
01-01 08:21:55.955 W/dalvikvm( 5338): VFY: unable to resolve new-instance 952 (Lcom/visualon/OSMPEngine/voOnStreamSDK$3;) in Lcom/visualon/OSMPEngine/voOnStreamSDK;
01-01 08:21:55.955 D/dalvikvm( 5338): VFY: replacing opcode 0x22 at 0x002b
01-01 08:21:55.955 D/dalvikvm( 5338): VFY: dead code 0x002d-00b6 in Lcom/visualon/OSMPEngine/voOnStreamSDK;.<init> ()V
01-01 08:21:55.960 E/dalvikvm( 5338): Could not find class 'android.view.TextureView', referenced from method com.visualon.OSMPEngine.voOnStreamSDK.addSecondTextureView
01-01 08:21:55.960 W/dalvikvm( 5338): VFY: unable to resolve new-instance 701 (Landroid/view/TextureView;) in Lcom/visualon/OSMPEngine/voOnStreamSDK;
01-01 08:21:55.960 D/dalvikvm( 5338): VFY: replacing opcode 0x22 at 0x0052
01-01 08:21:55.960 D/dalvikvm( 5338): VFY: dead code 0x0054-00d6 in Lcom/visualon/OSMPEngine/voOnStreamSDK;.addSecondTextureView ()V
01-01 08:21:56.005 D/dalvikvm( 5338): GC_CONCURRENT freed 401K, 45% free 3634K/6535K, external 1377K/1872K, paused 2ms+2ms
01-01 08:21:56.010 I/dalvikvm( 5338): Could not find method android.bluetooth.BluetoothAdapter.getProfileProxy, referenced from method com.visualon.OSMPEngine.voOnStreamSDK.Open
01-01 08:21:56.010 W/dalvikvm( 5338): VFY: unable to resolve virtual method 134: Landroid/bluetooth/BluetoothAdapter;.getProfileProxy (Landroid/content/Context;Landroid/bluetooth/BluetoothProfile$ServiceListener;I)Z
01-01 08:21:56.010 D/dalvikvm( 5338): VFY: replacing opcode 0x6e at 0x002f
01-01 08:21:56.010 I/dalvikvm( 5338): Could not find method android.view.View.setAlpha, referenced from method com.visualon.OSMPEngine.voOnStreamSDK.SetParam
01-01 08:21:56.010 W/dalvikvm( 5338): VFY: unable to resolve virtual method 4862: Landroid/view/View;.setAlpha (F)V
01-01 08:21:56.010 D/dalvikvm( 5338): VFY: replacing opcode 0x6e at 0x0090
01-01 08:21:56.015 D/dalvikvm( 5338): VFY: dead code 0x0093-0094 in Lcom/visualon/OSMPEngine/voOnStreamSDK;.SetParam (JLjava/lang/Object;)I
01-01 08:21:56.015 E/dalvikvm( 5338): Could not find class 'android.view.TextureView', referenced from method com.visualon.OSMPEngine.voOnStreamSDK.SetView
01-01 08:21:56.015 W/dalvikvm( 5338): VFY: unable to resolve instanceof 701 (Landroid/view/TextureView;) in Lcom/visualon/OSMPEngine/voOnStreamSDK;
01-01 08:21:56.015 D/dalvikvm( 5338): VFY: replacing opcode 0x20 at 0x0021
01-01 08:21:56.015 E/dalvikvm( 5338): Could not find class 'android.view.TextureView', referenced from method com.visualon.OSMPEngine.voOnStreamSDK.SetView
01-01 08:21:56.015 W/dalvikvm( 5338): VFY: unable to resolve check-cast 701 (Landroid/view/TextureView;) in Lcom/visualon/OSMPEngine/voOnStreamSDK;
01-01 08:21:56.015 D/dalvikvm( 5338): VFY: replacing opcode 0x1f at 0x008c
01-01 08:21:56.015 D/dalvikvm( 5338): VFY: dead code 0x0023-0025 in Lcom/visualon/OSMPEngine/voOnStreamSDK;.SetView (Landroid/view/View;)I
01-01 08:21:56.015 D/dalvikvm( 5338): VFY: dead code 0x008e-00a4 in Lcom/visualon/OSMPEngine/voOnStreamSDK;.SetView (Landroid/view/View;)I
01-01 08:21:56.020 D/dalvikvm( 5338): Trying to load lib /data/data/com.visualon.AppUI/lib/libvodl.so 0x4051e790
01-01 08:21:56.020 I/libvodl(debug)( 5338): voAbout> libvodl(debug) - armeabi - NDKr9 - main - r69054 - 11:21:25 Jul 10 2014 - V3.13.0
01-01 08:21:56.020 D/dalvikvm( 5338): Added shared lib /data/data/com.visualon.AppUI/lib/libvodl.so 0x4051e790
01-01 08:21:56.020 D/dalvikvm( 5338): No JNI_OnLoad found in /data/data/com.visualon.AppUI/lib/libvodl.so 0x4051e790, skipping init
01-01 08:21:56.020 D/dalvikvm( 5338): Trying to load lib /data/data/com.visualon.AppUI/lib/libvoOSEng_OSMP.so 0x4051e790
01-01 08:21:56.020 I/libvoOSEng(debug)( 5338): voAbout> libvoOSEng(debug) - armeabi - NDKr9 - main - r69094 - 20:03:19 Jul 10 2014 - V3.13.0
01-01 08:21:56.020 D/dalvikvm( 5338): Added shared lib /data/data/com.visualon.AppUI/lib/libvoOSEng_OSMP.so 0x4051e790
01-01 08:21:56.020 D/AndroidRuntime( 5338): Shutting down VM
01-01 08:21:56.020 W/dalvikvm( 5338): threadid=1: thread exiting with uncaught exception (group=0x4001e578)
01-01 08:21:56.020 E/AndroidRuntime( 5338): FATAL EXCEPTION: main
01-01 08:21:56.020 E/AndroidRuntime( 5338): java.lang.NoClassDefFoundError: com.visualon.OSMPEngine.voOnStreamSDK$3
01-01 08:21:56.020 E/AndroidRuntime( 5338): 	at com.visualon.OSMPEngine.voOnStreamSDK.<init>(voOnStreamSDK.java:1004)
01-01 08:21:56.020 E/AndroidRuntime( 5338): 	at com.visualon.OSMPBasePlayer.voOSBasePlayer.Init(voOSBasePlayer.java:608)
01-01 08:21:56.020 E/AndroidRuntime( 5338): 	at com.visualon.OSMPPlayerImpl.VOCommonPlayerImpl.init(VOCommonPlayerImpl.java:190)
01-01 08:21:56.020 E/AndroidRuntime( 5338): 	at com.visualon.AppPlayerCommonFeatures.APPCommonPlayerControl.creatPlayer(APPCommonPlayerControl.java:59)
01-01 08:21:56.020 E/AndroidRuntime( 5338): 	at com.visualon.AppPlayerCommonFeatures.CPlayer.createPlayer(CPlayer.java:270)
01-01 08:21:56.020 E/AndroidRuntime( 5338): 	at com.visualon.AppUI.WebBrowserFragement.startPlayer(WebBrowserFragement.java:365)
01-01 08:21:56.020 E/AndroidRuntime( 5338): 	at com.visualon.AppUI.WebBrowserFragement.access$1100(WebBrowserFragement.java:61)
01-01 08:21:56.020 E/AndroidRuntime( 5338): 	at com.visualon.AppUI.WebBrowserFragement$VOWebViewClient.shouldOverrideUrlLoading(WebBrowserFragement.java:283)
01-01 08:21:56.020 E/AndroidRuntime( 5338): 	at android.webkit.CallbackProxy.uiOverrideUrlLoading(CallbackProxy.java:225)
01-01 08:21:56.020 E/AndroidRuntime( 5338): 	at android.webkit.CallbackProxy.handleMessage(CallbackProxy.java:348)
01-01 08:21:56.020 E/AndroidRuntime( 5338): 	at android.os.Handler.dispatchMessage(Handler.java:99)
01-01 08:21:56.020 E/AndroidRuntime( 5338): 	at android.os.Looper.loop(Looper.java:130)
01-01 08:21:56.020 E/AndroidRuntime( 5338): 	at android.app.ActivityThread.main(ActivityThread.java:3691)
01-01 08:21:56.020 E/AndroidRuntime( 5338): 	at java.lang.reflect.Method.invokeNative(Native Method)
01-01 08:21:56.020 E/AndroidRuntime( 5338): 	at java.lang.reflect.Method.invoke(Method.java:507)
01-01 08:21:56.020 E/AndroidRuntime( 5338): 	at com.android.internal.os.ZygoteInit$MethodAndArgsCaller.run(ZygoteInit.java:907)
01-01 08:21:56.020 E/AndroidRuntime( 5338): 	at com.android.internal.os.ZygoteInit.main(ZygoteInit.java:665)
01-01 08:21:56.020 E/AndroidRuntime( 5338): 	at dalvik.system.NativeStart.main(Native Method)
01-01 08:21:56.025 W/ActivityManager( 2703):   Force finishing activity com.visualon.AppUI/.MainActivity
01-01 08:21:56.030 E/        ( 2703): Dumpstate > /data/log/dumpstate_app_error
01-01 08:21:56.030 I/dumpstate( 5401): begin
01-01 08:21:56.085 I/WindowOrientationListener( 2703): orientation = 22.388779 Tilt = 45.601776 -- 2 ,  6 ,  6
01-01 08:21:56.220 I/AudioFlinger( 2587): stop output streamType (0, 1) for 1
01-01 08:21:56.450 D/PowerManagerService( 2703): onSensorChanged: light value: 100
01-01 08:21:56.530 W/ActivityManager( 2703): Activity pause timeout for HistoryRecord{4092cde8 com.visualon.AppUI/.MainActivity}
01-01 08:21:56.895 E/lights  ( 2703): write_int: path /sys/devices/virtual/misc/melfas_touchkey/brightness, value 2
01-01 08:21:56.895 W/PowerManagerService( 2703): Timer 0x7->0x3|0x0
01-01 08:21:56.895 I/PowerManagerService( 2703): Ulight 7->3|0
01-01 08:21:56.895 D/PowerManagerService( 2703): setLightBrightness : mButtonLight : 0
01-01 08:21:57.650 D/PowerManagerService( 2703): onSensorChanged: light value: 100
01-01 08:21:58.300 I/ALSAModule( 2587): Terminated ALSA PLAYBACK device hifi
01-01 08:21:58.575 D/VoldCmdListener( 2579): asec list
01-01 08:21:59.790 I/dumpstate( 5401): done
01-01 08:21:59.830 I/OrientationDebug( 2703): [pwm] in updateOrientationListenerLp()
01-01 08:21:59.830 V/OrientationDebug( 2703): in updateOrientationListenerLp(), Screen status=true, current orientation=1, SensorEnabled=true
01-01 08:21:59.830 I/OrientationDebug( 2703): [pwm] needSensorRunningLp(), return true #4
01-01 08:21:59.840 I/WindowManager( 2703):   CREATE SURFACE Surface(name=, identity=107, mNativeSurface=0) IN SESSION android.view.SurfaceSession@408cc2b0: pid=2703 format=-2 flags=0x0 / Window{40c70568  paused=false}
01-01 08:21:59.855 I/GLThread( 2910): onResume tid=10
01-01 08:21:59.855 I/Main thread( 2910): onResume waiting for !mPaused.
01-01 08:21:59.855 I/GLThread( 2910): mPaused is now false tid=10
01-01 08:21:59.855 I/Launcher( 2910): onResume(). mIsNewIntent : false screenOff: false
01-01 08:21:59.855 D/Launcher( 2910): It's image wallpaper. suggestDesiredDimensions(-1,-1)
01-01 08:21:59.860 I/WindowManager( 2703):   CREATE SURFACE Surface(name=SurfaceView, identity=108, mNativeSurface=0) IN SESSION android.view.SurfaceSession@406500d0: pid=2910 format=1 flags=0x0 / Window{408bb060 SurfaceView paused=false}
01-01 08:21:59.865 I/GLThread( 2910): noticed surfaceView surface acquired tid=10
01-01 08:21:59.865 W/GLThread( 2910): egl createSurface
01-01 08:21:59.865 W/EglHelper( 2910): createSurface()  tid=10
01-01 08:21:59.865 I/Main thread( 2910): onWindowResize waiting for render complete from tid=10
01-01 08:21:59.870 E/com.samsung.app( 3016): [MSC]>>> WeatherWidgetProvider.java:323 [0:0] onReceive()@@@ sec.android.intent.action.HOME_RESUME
01-01 08:21:59.870 E/com.samsung.app( 3016): [MSC]>>> WidgetIdManager.java:39 [0:0] AccuWeatherClockWidgetID_Length
01-01 08:21:59.870 E/com.samsung.app( 3016): [MSC]>>> WidgetIdManager.java:40 [0:0] getPrefIDs() : length = 0
01-01 08:21:59.880 I/PhotoAppWidgetProvider( 3669): onReceive
01-01 08:21:59.880 I/PhotoAppWidgetProvider( 3669): RestartSlideShow
01-01 08:21:59.885 D/PhotoDatabaseHelper( 3669): getWidgetIdList query count : 0
01-01 08:21:59.885 D/PhotoAppWidgetProvider( 3669): onReceive End
01-01 08:21:59.890 D/DigitalClock( 3245): DigitalClockAppWidget.onReceive : ACTION_HOME_RESUME is called!!
01-01 08:21:59.895 D/Buddies--------------------------->( 3682): Service:OnReceive ACTION_HOME_RESUME called
01-01 08:21:59.920 W/GLThread( 2910): onSurfaceChanged(480, 762)
01-01 08:21:59.925 I/GLThread( 2910): noticing that we want render notification tid=10
01-01 08:21:59.925 I/Main thread( 2910): onWindowResize waiting for render complete from tid=10
01-01 08:21:59.925 W/GLThread( 2910): onSurfaceChanged(480, 762)
01-01 08:21:59.935 I/GLThread( 2910): sending render notification tid=10
01-01 08:21:59.935 I/WindowManager( 2703):   CREATE SURFACE Surface(name=com.sec.android.app.twlauncher/com.sec.android.app.twlauncher.Launcher, identity=109, mNativeSurface=0) IN SESSION android.view.SurfaceSession@406500d0: pid=2910 format=-2 flags=0x0 / Window{408c1740 com.sec.android.app.twlauncher/com.sec.android.app.twlauncher.Launcher paused=false}
01-01 08:22:00.265 I/ActivityManager( 2703): No longer want com.google.android.apps.uploader (pid 3620): hidden #26
01-01 08:22:01.240 I/InputReader( 2703): dispatchTouch::touch event's action is 0, pending(waiting finished signal)=0
01-01 08:22:01.240 I/InputDispatcher( 2703): Delivering touch to current input target: action: 0, channel '40c70568  (server)'
01-01 08:22:01.240 I/InputDispatcher( 2703): Delivering touch to current input target: action: 0, channel 'PointerDevice-3970 (server)'
01-01 08:22:01.240 E/lights  ( 2703): write_int: path /sys/devices/virtual/misc/melfas_touchkey/brightness, value 1
01-01 08:22:01.240 I/PowerManagerService( 2703): Ulight 3->7|0
01-01 08:22:01.240 D/PowerManagerService( 2703): setLightBrightness : mButtonLight : 69
01-01 08:22:01.300 I/InputReader( 2703): dispatchTouch::touch event's action is 1, pending(waiting finished signal)=0
01-01 08:22:01.300 I/InputDispatcher( 2703): Delivering touch to current input target: action: 1, channel '40c70568  (server)'
01-01 08:22:01.300 I/InputDispatcher( 2703): Delivering touch to current input target: action: 1, channel 'PointerDevice-3970 (server)'
01-01 08:22:01.330 E/AudioPolicyManager( 2587): getParamFromPolicy
01-01 08:22:01.330 E/AudioPolicyManager( 2587): getSituationVolume
01-01 08:22:01.330 I/AudioPolicyManager( 2587): getSituationVolume: isBTConnected:0 isHeadConnected:0
01-01 08:22:01.335 I/AudioFlinger( 2587): start output streamType (0, 1) for 1
01-01 08:22:01.355 I/Process ( 5338): Sending signal. PID: 5338 SIG: 9
01-01 08:22:01.380 I/ActivityManager( 2703): Process com.visualon.AppUI (pid 5338) has died.
01-01 08:22:01.385 E/InputDispatcher( 2703): channel '409ef390 com.visualon.AppUI/com.visualon.AppUI.MainActivity (server)' ~ Consumer closed input channel or an error occurred.  events=0x8
01-01 08:22:01.385 E/InputDispatcher( 2703): channel '409ef390 com.visualon.AppUI/com.visualon.AppUI.MainActivity (server)' ~ Channel is unrecoverably broken and will be disposed!
01-01 08:22:01.390 I/WindowManager( 2703): WIN DEATH: Window{409ef390 com.visualon.AppUI/com.visualon.AppUI.MainActivity paused=false}
01-01 08:22:01.390 W/WindowManager( 2703): Window Window{409ef390 com.visualon.AppUI/com.visualon.AppUI.MainActivity paused=false} destroyed surface Surface(name=com.visualon.AppUI/com.visualon.AppUI.MainActivity, identity=-1, mNativeSurface=0), session Session{408bf320 uid 10102}
01-01 08:22:01.395 I/Launcher( 2910): onWindowFocusChanged(true)
01-01 08:22:01.400 W/InputManagerService( 2703): Got RemoteException sending setActive(false) notification to pid 5338 uid 10102
01-01 08:22:01.460 I/ALSAModule( 2587): Initialized ALSA PLAYBACK device hifi
01-01 08:22:01.460 W/AudioFlinger( 2587): write blocked for 97 msecs, 38 delayed writes, thread 0x5e988
01-01 08:22:01.550 W/WindowManager( 2703): Window Window{40c70568  paused=false} destroyed surface Surface(name=, identity=-1, mNativeSurface=0), session Session{4077ff18 uid 1000}
01-01 08:22:01.675 I/AudioFlinger( 2587): stop output streamType (0, 1) for 1
01-01 08:22:02.805 E/lights  ( 2703): write_int: path /sys/devices/virtual/misc/melfas_touchkey/brightness, value 2
01-01 08:22:02.805 W/PowerManagerService( 2703): Timer 0x7->0x3|0x0
01-01 08:22:02.805 I/PowerManagerService( 2703): Ulight 7->3|0
01-01 08:22:02.805 D/PowerManagerService( 2703): setLightBrightness : mButtonLight : 0
01-01 08:22:03.740 I/ALSAModule( 2587): Terminated ALSA PLAYBACK device hifi
01-01 08:22:04.380 D/dalvikvm( 3550): GC_CONCURRENT freed 431K, 48% free 3284K/6215K, external 0K/0K, paused 7ms+7ms
01-01 08:22:06.335 D/dalvikvm( 3661): GC_EXPLICIT freed 12K, 50% free 2715K/5379K, external 0K/0K, paused 77ms
01-01 08:22:10.190 D/dalvikvm( 2703): GC_CONCURRENT freed 1882K, 42% free 7518K/12935K, external 6432K/7418K, paused 11ms+10ms
01-01 08:22:10.275 W/ActivityManager( 2703): Activity destroy timeout for HistoryRecord{4092cde8 com.visualon.AppUI/.MainActivity}
01-01 08:22:10.605 I/WindowManager( 2703):   CREATE SURFACE Surface(name=, identity=110, mNativeSurface=0) IN SESSION android.view.SurfaceSession@40c96ef0: pid=2845 format=-3 flags=0x0 / Window{4085e980  paused=false}
01-01 08:22:12.360 D/dalvikvm( 3669): GC_EXPLICIT freed 36K, 50% free 2820K/5575K, external 4K/516K, paused 88ms
01-01 08:22:17.280 E/BatteryService( 2703): TMU status = 0
01-01 08:22:17.280 D/BatteryService( 2703): update start
01-01 08:22:17.285 D/BatteryService( 2703): updateBattery level:7 scale:100 status:2 health:2 present:true voltage: 3766 temperature: 370 technology: Li-ion AC powered:false USB powered:true icon:17302233
01-01 08:22:17.310 D/PhoneUtils( 2862): updateRAFT() : FactoryMode : false
01-01 08:22:17.315 I/StatusBarPolicy( 2842): BAT. S:2 H:2
01-01 08:22:17.395 D/dalvikvm( 3682): GC_EXPLICIT freed 33K, 50% free 2719K/5379K, external 0K/0K, paused 121ms
01-01 08:22:22.420 D/dalvikvm( 3790): GC_EXPLICIT freed 6K, 49% free 2778K/5379K, external 0K/0K, paused 57ms
01-01 08:22:24.325 W/PowerManagerService( 2703): Timer 0x3->0x1|0x0
01-01 08:22:24.325 I/PowerManagerService( 2703): Ulight 3->1|0
01-01 08:22:24.330 E/lights  ( 2703): write_int: path /sys/class/backlight/pwm-backlight/brightness, value 66
01-01 08:22:24.344 E/lights  ( 2703): write_int: path /sys/class/backlight/pwm-backlight/brightness, value 64
01-01 08:22:24.360 E/lights  ( 2703): write_int: path /sys/class/backlight/pwm-backlight/brightness, value 61
01-01 08:22:24.375 E/lights  ( 2703): write_int: path /sys/class/backlight/pwm-backlight/brightness, value 59
01-01 08:22:24.395 E/lights  ( 2703): write_int: path /sys/class/backlight/pwm-backlight/brightness, value 57
01-01 08:22:24.410 E/lights  ( 2703): write_int: path /sys/class/backlight/pwm-backlight/brightness, value 55
01-01 08:22:24.425 E/lights  ( 2703): write_int: path /sys/class/backlight/pwm-backlight/brightness, value 52
01-01 08:22:24.440 E/lights  ( 2703): write_int: path /sys/class/backlight/pwm-backlight/brightness, value 50
01-01 08:22:24.460 E/lights  ( 2703): write_int: path /sys/class/backlight/pwm-backlight/brightness, value 48
01-01 08:22:24.475 E/lights  ( 2703): write_int: path /sys/class/backlight/pwm-backlight/brightness, value 45
01-01 08:22:24.490 E/lights  ( 2703): write_int: path /sys/class/backlight/pwm-backlight/brightness, value 43
01-01 08:22:24.505 E/lights  ( 2703): write_int: path /sys/class/backlight/pwm-backlight/brightness, value 41
01-01 08:22:24.520 E/lights  ( 2703): write_int: path /sys/class/backlight/pwm-backlight/brightness, value 38
01-01 08:22:24.540 E/lights  ( 2703): write_int: path /sys/class/backlight/pwm-backlight/brightness, value 36
01-01 08:22:24.555 E/lights  ( 2703): write_int: path /sys/class/backlight/pwm-backlight/brightness, value 34
01-01 08:22:24.570 E/lights  ( 2703): write_int: path /sys/class/backlight/pwm-backlight/brightness, value 31
01-01 08:22:24.585 E/lights  ( 2703): write_int: path /sys/class/backlight/pwm-backlight/brightness, value 29
01-01 08:22:24.605 E/lights  ( 2703): write_int: path /sys/class/backlight/pwm-backlight/brightness, value 27
01-01 08:22:24.620 E/lights  ( 2703): write_int: path /sys/class/backlight/pwm-backlight/brightness, value 24
01-01 08:22:24.635 E/lights  ( 2703): write_int: path /sys/class/backlight/pwm-backlight/brightness, value 22
01-01 08:22:24.655 E/lights  ( 2703): write_int: path /sys/class/backlight/pwm-backlight/brightness, value 20
01-01 08:22:24.655 I/PowerManagerService( 2703): Light Animator Finished curIntValue=20
01-01 08:22:27.470 D/dalvikvm( 3016): GC_EXPLICIT freed 112K, 50% free 2850K/5639K, external 0K/0K, paused 103ms
01-01 08:22:31.329 W/PowerManagerService( 2703): Timer 0x1->0x0|0x0
01-01 08:22:31.329 D/PowerManagerService( 2703): Screen__Off : Timeout
01-01 08:22:31.329 I/PowerManagerService( 2703): Ulight 1->0|0
01-01 08:22:31.334 E/lights  ( 2703): write_int: path /sys/class/backlight/pwm-backlight/brightness, value 17
01-01 08:22:31.350 E/lights  ( 2703): write_int: path /sys/class/backlight/pwm-backlight/brightness, value 15
01-01 08:22:31.365 E/lights  ( 2703): write_int: path /sys/class/backlight/pwm-backlight/brightness, value 12
01-01 08:22:31.385 E/lights  ( 2703): write_int: path /sys/class/backlight/pwm-backlight/brightness, value 10
01-01 08:22:31.400 E/lights  ( 2703): write_int: path /sys/class/backlight/pwm-backlight/brightness, value 7
01-01 08:22:31.415 E/lights  ( 2703): write_int: path /sys/class/backlight/pwm-backlight/brightness, value 5
01-01 08:22:31.430 E/lights  ( 2703): write_int: path /sys/class/backlight/pwm-backlight/brightness, value 2
01-01 08:22:31.445 E/lights  ( 2703): write_int: path /sys/class/backlight/pwm-backlight/brightness, value 0
01-01 08:22:31.450 E/power   ( 2703): *** set_screen_state 0
01-01 08:22:31.450 D/SensorManager( 2703): unregisterListener:: disable all sensors for this listener,  listener = com.android.server.PowerManagerService$13@4052a230
01-01 08:22:31.450 I/PowerManagerService( 2703): Light Animator Finished curIntValue=0
01-01 08:22:31.450 D/PowerManagerService( 2703): enableLightSensor false
01-01 08:22:31.455 E/lights  ( 2703): write_int: path /sys/devices/virtual/misc/melfas_touchkey/brightness, value 2
01-01 08:22:31.455 E/lights  ( 2703): write_int: path /sys/class/leds/keyboard-backlight/brightness, value 0
01-01 08:22:31.455 W/PowerManagerService( 2703): CurLockF mPS:0 mUS=0
01-01 08:22:31.455 W/PowerManagerService( 2703): type=PARTIAL_WAKE_LOCK              'sleep_broadcast' active (mS=0)  activeT=4
01-01 08:22:31.455 W/PowerManagerService( 2703): mPokeLocks.size=0:
01-01 08:22:31.455 D/PowerManagerService( 2703): sendNotificationLocked on=false
01-01 08:22:31.460 D/KeyguardViewMediator( 2703): onScreenTurnedOff(3)
01-01 08:22:31.460 D/KeyguardViewMediator( 2703): setting alarm to turn off keyguard, seq = 7
01-01 08:22:31.460 I/OrientationDebug( 2703): [pwm] in updateOrientationListenerLp()
01-01 08:22:31.460 V/OrientationDebug( 2703): in updateOrientationListenerLp(), Screen status=false, current orientation=1, SensorEnabled=true
01-01 08:22:31.460 I/OrientationDebug( 2703): [pwm] in updateOrientationListenerLp(), now call mOrientationListener.disable(), and mOrientationSensorEnabled = false #2
01-01 08:22:31.460 I/OrientationDebug( 2703): [WindowOrientationListener] in disable(), now call SensorManager.unregisterListener()
01-01 08:22:31.460 D/SensorManager( 2703): unregisterListener:: disable all sensors for this listener,  listener = android.view.WindowOrientationListener$SensorEventListenerImpl@4087f840
01-01 08:22:31.460 D/PowerManagerService( 2703): mNotificationTask : off
01-01 08:22:31.465 V/WindowManager( 2703): Setting event dispatching to false
01-01 08:22:31.480 D/SurfaceFlinger( 2703): About to give-up screen, flinger = 0x12ffe8
01-01 08:22:31.580 E/com.samsung.app( 3016): [MSC]>>> WeatherWidgetProvider.java:323 [0:0] onReceive()@@@ sec.android.intent.action.HOME_PAUSE
01-01 08:22:31.580 E/com.samsung.app( 3016): [MSC]>>> WidgetIdManager.java:39 [0:0] AccuWeatherClockWidgetID_Length
01-01 08:22:31.580 E/com.samsung.app( 3016): [MSC]>>> WidgetIdManager.java:40 [0:0] getPrefIDs() : length = 0
01-01 08:22:31.580 D/GLSurfaceViewGroup( 2910): Skipped drawing due to suspendDrawingUntilResume()
01-01 08:22:31.585 E/com.samsung.app( 3016): [MSC]>>> WeatherWidgetProvider.java:1592 [0:0] disable handler
01-01 08:22:31.600 I/PhotoAppWidgetProvider( 3669): onReceive
01-01 08:22:31.600 I/PhotoAppWidgetProvider( 3669): PauseSlideShow
01-01 08:22:31.600 D/PhotoAppWidgetProvider( 3669): onReceive End
01-01 08:22:31.600 D/CalendarAppWidgetProviderAgenda( 3515): ACTION_HOME_PAUSE: false
01-01 08:22:31.625 W/WindowManager( 2703): Window Window{4085e980  paused=false} destroyed surface Surface(name=, identity=-1, mNativeSurface=0), session Session{40c966a0 uid 10104}
01-01 08:22:31.650 I/StatusBarPolicy( 2842): onDataActivity-D:0
01-01 08:22:31.650 I/StatusBarPolicy( 2842): onDataActivity-D:0
01-01 08:22:31.655 D/PhoneUtils( 2862): updateRAFT() : FactoryMode : false
01-01 08:22:31.665 I/Launcher( 2910): ACTION_SCREEN_OFF
01-01 08:22:31.735 V/SettingsProvider( 2703): system <- value=1 name=phone_lock_status
01-01 08:22:31.735 V/SettingsProvider( 2703): property: sys.settings_system_version=19
01-01 08:22:31.735 V/SettingsProvider( 2703): notifying: content://settings/system/phone_lock_status
01-01 08:22:31.735 D/PowerManagerService( 2703): setScreenOffTimeouts mKeylightDelay=1500 mDimDelay=21500 mScreenOffDelay=7000 mDimScreen=true
01-01 08:22:36.465 D/KeyguardViewMediator( 2703): doKeyguard: showing the lock screen
01-01 08:22:36.465 D/KeyguardViewMediator( 2703): showLocked
01-01 08:22:36.470 D/KeyguardViewMediator( 2703): handleShow
01-01 08:22:36.484 D/LockPatternKeyguardView( 2703): Face RecongnitionValue = 0
01-01 08:22:36.495 D/LockscreenWallpaperUpdater( 2703): add lockscreenwallpaper
01-01 08:22:36.565 D/GlassLockScreenMusicWidget( 2703): Controller Initiation Running!!
01-01 08:22:36.565 D/GlassLockScreenMusicWidget( 2703): at init() send broadcast
01-01 08:22:36.565 D/GlassLockScreenMusicWidget( 2703): resetMinTimer()
01-01 08:22:36.565 D/GlassLockScreenMusicWidget( 2703): removeMinTimer()
01-01 08:22:36.565 D/GlassLockScreenMusicWidget( 2703): addMinTimer()
01-01 08:22:36.655 D/dalvikvm( 2703): GC_EXTERNAL_ALLOC freed 1032K, 43% free 7403K/12935K, external 2160K/2161K, paused 79ms
01-01 08:22:36.665 I/System.out( 3790): FMRADIO Sending OFF broadcast .... 
01-01 08:22:36.665 E/GlassLockScreenFMRadioWidget( 2703): onReceive() : intent action=com.android.fm.player_lock.status.off
01-01 08:22:36.730 D/dalvikvm( 2703): GC_EXTERNAL_ALLOC freed 29K, 43% free 7402K/12935K, external 2695K/2716K, paused 47ms
01-01 08:22:36.740 D/GlassLockScreenMissedEventWidget( 2703): Controller Initiation Running!!
01-01 08:22:36.760 D/UnlockClock( 2703): GMT_update mRightNow.getTimeZone().getID() == Asia/Hong_Kong
01-01 08:22:36.810 D/dalvikvm( 2703): GC_EXTERNAL_ALLOC freed 17K, 43% free 7417K/12935K, external 3446K/3476K, paused 49ms
01-01 08:22:36.815 D/GlassLockscreenInfo( 2703): init
01-01 08:22:36.815 D/GlassLockScreen( 2703): CLOCK_POSITION from Setting Value = 2
01-01 08:22:36.865 D/dalvikvm( 2703): GC_EXTERNAL_ALLOC freed 10K, 43% free 7425K/12935K, external 2737K/3320K, paused 48ms
01-01 08:22:36.875 D/GlassLockScreenFMRadioWidget( 2703): getIsFMPlayerPlaying() : mIsFMPlayerPlaying=false
01-01 08:22:36.875 D/GlassLockScreen( 2703):  is FM Playing  = false
01-01 08:22:36.875 D/GlassLockScreenFMRadioWidget( 2703): getIsFMPlayerPlaying() : mIsFMPlayerPlaying=false
01-01 08:22:36.895 D/LockscreenWallpaperUpdater( 2703): add lockscreenwallpaper
01-01 08:22:36.900 D/KeyguardViewMediator( 2703): adjustUserActivityLocked mShowing: true mHidden: false
01-01 08:22:36.900 D/GlassLockScreenFMRadioWidget( 2703): handleMediaUpdate !! isPlaying = 0 isStop = 1 mIsFMPlayerPlaying = false
01-01 08:22:36.900 D/PowerManagerService( 2703): enableUserActivity false
01-01 08:22:36.900 D/StatusBarManagerService( 2703): manageDisableList what=0x1 pkg=android
01-01 08:22:36.915 D/GLSurfaceViewGroup( 2910): Skipped drawing due to suspendDrawingUntilResume()
01-01 08:22:36.925 I/OrientationDebug( 2703): [pwm] in updateOrientationListenerLp()
01-01 08:22:36.925 V/OrientationDebug( 2703): in updateOrientationListenerLp(), Screen status=false, current orientation=5, SensorEnabled=false
01-01 08:22:36.925 I/WindowManager( 2703):   CREATE SURFACE Surface(name=Keyguard, identity=111, mNativeSurface=0) IN SESSION android.view.SurfaceSession@408cc2b0: pid=2703 format=-3 flags=0x0 / Window{408bf658 Keyguard paused=false}
01-01 08:22:36.925 W/WindowManager( 2703): Layout repeat skipped after too many iterations
01-01 08:22:36.925 W/WindowManager( 2703): Layout repeat skipped after too many iterations
01-01 08:22:36.925 W/WindowManager( 2703): Layout repeat skipped after too many iterations
01-01 08:22:36.925 W/WindowManager( 2703): Animation repeat aborted after too many iterations
01-01 08:22:36.930 D/LockscreenWallpaperUpdater( 2703): onResume()
01-01 08:22:36.930 D/LockscreenWallpaperUpdater( 2703): get drawable (public) 
01-01 08:22:36.930 D/LockscreenWallpaperUpdater( 2703): get drawable (keygurardupdatemonitor private get) 
01-01 08:22:36.930 D/LockscreenWallpaperUpdater( 2703): drawable is null(keygurardupdatemonitor private get) 
01-01 08:22:36.930 D/LockscreenWallpaperUpdater( 2703): set drawable
01-01 08:22:36.930 D/LockscreenWallpaperUpdater( 2703): wallpaper file not exist 
01-01 08:22:36.980 D/dalvikvm( 2703): GC_EXTERNAL_ALLOC freed 32K, 43% free 7470K/12935K, external 4513K/5202K, paused 50ms
01-01 08:22:37.065 I/Launcher( 2910): onWindowFocusChanged(false)
01-01 08:22:37.065 D/GLSurfaceViewGroup( 2910): Skipped drawing due to suspendDrawingUntilResume()
