01-01 08:21:19.894 E/lights  ( 2703): write_int: path /sys/class/backlight/pwm-backlight/brightness, value 64
01-01 08:21:19.915 E/lights  ( 2703): write_int: path /sys/class/backlight/pwm-backlight/brightness, value 61
01-01 08:21:19.930 E/lights  ( 2703): write_int: path /sys/class/backlight/pwm-backlight/brightness, value 59
01-01 08:21:19.945 E/lights  ( 2703): write_int: path /sys/class/backlight/pwm-backlight/brightness, value 57
01-01 08:21:19.965 E/lights  ( 2703): write_int: path /sys/class/backlight/pwm-backlight/brightness, value 55
01-01 08:21:19.980 E/lights  ( 2703): write_int: path /sys/class/backlight/pwm-backlight/brightness, value 52
01-01 08:21:19.995 E/lights  ( 2703): write_int: path /sys/class/backlight/pwm-backlight/brightness, value 50
01-01 08:21:20.010 E/lights  ( 2703): write_int: path /sys/class/backlight/pwm-backlight/brightness, value 48
01-01 08:21:20.025 E/lights  ( 2703): write_int: path /sys/class/backlight/pwm-backlight/brightness, value 45
01-01 08:21:20.045 E/lights  ( 2703): write_int: path /sys/class/backlight/pwm-backlight/brightness, value 43
01-01 08:21:20.060 E/lights  ( 2703): write_int: path /sys/class/backlight/pwm-backlight/brightness, value 41
01-01 08:21:20.075 E/lights  ( 2703): write_int: path /sys/class/backlight/pwm-backlight/brightness, value 38
01-01 08:21:20.095 E/lights  ( 2703): write_int: path /sys/class/backlight/pwm-backlight/brightness, value 36
01-01 08:21:20.110 E/lights  ( 2703): write_int: path /sys/class/backlight/pwm-backlight/brightness, value 34
01-01 08:21:20.125 E/lights  ( 2703): write_int: path /sys/class/backlight/pwm-backlight/brightness, value 31
01-01 08:21:20.140 E/lights  ( 2703): write_int: path /sys/class/backlight/pwm-backlight/brightness, value 29
01-01 08:21:20.155 E/lights  ( 2703): write_int: path /sys/class/backlight/pwm-backlight/brightness, value 27
01-01 08:21:20.175 E/lights  ( 2703): write_int: path /sys/class/backlight/pwm-backlight/brightness, value 24
01-01 08:21:20.190 E/lights  ( 2703): write_int: path /sys/class/backlight/pwm-backlight/brightness, value 22
01-01 08:21:20.205 E/lights  ( 2703): write_int: path /sys/class/backlight/pwm-backlight/brightness, value 20
01-01 08:21:20.210 I/PowerManagerService( 2703): Light Animator Finished curIntValue=20
01-01 08:21:25.795 D/dalvikvm( 3606): GC_EXPLICIT freed 16K, 49% free 2826K/5447K, external 0K/0K, paused 81ms
01-01 08:21:26.890 W/PowerManagerService( 2703): Timer 0x1->0x0|0x0
01-01 08:21:26.890 D/PowerManagerService( 2703): Screen__Off : Timeout
01-01 08:21:26.890 E/lights  ( 2703): write_int: path /sys/class/backlight/pwm-backlight/brightness, value 17
01-01 08:21:26.890 I/PowerManagerService( 2703): Ulight 1->0|0
01-01 08:21:26.905 E/lights  ( 2703): write_int: path /sys/class/backlight/pwm-backlight/brightness, value 15
01-01 08:21:26.920 E/lights  ( 2703): write_int: path /sys/class/backlight/pwm-backlight/brightness, value 12
01-01 08:21:26.935 E/lights  ( 2703): write_int: path /sys/class/backlight/pwm-backlight/brightness, value 10
01-01 08:21:26.955 E/lights  ( 2703): write_int: path /sys/class/backlight/pwm-backlight/brightness, value 7
01-01 08:21:26.970 E/lights  ( 2703): write_int: path /sys/class/backlight/pwm-backlight/brightness, value 5
01-01 08:21:26.985 E/lights  ( 2703): write_int: path /sys/class/backlight/pwm-backlight/brightness, value 2
01-01 08:21:27.005 E/lights  ( 2703): write_int: path /sys/class/backlight/pwm-backlight/brightness, value 0
01-01 08:21:27.005 E/power   ( 2703): *** set_screen_state 0
01-01 08:21:27.005 I/PowerManagerService( 2703): Light Animator Finished curIntValue=0
01-01 08:21:27.010 D/SensorManager( 2703): unregisterListener:: disable all sensors for this listener,  listener = com.android.server.PowerManagerService$13@4052a230
01-01 08:21:27.010 E/lights  ( 2703): write_int: path /sys/devices/virtual/misc/melfas_touchkey/brightness, value 2
01-01 08:21:27.010 E/lights  ( 2703): write_int: path /sys/class/leds/keyboard-backlight/brightness, value 0
01-01 08:21:27.010 D/PowerManagerService( 2703): enableLightSensor false
01-01 08:21:27.010 W/PowerManagerService( 2703): CurLockF mPS:0 mUS=0
01-01 08:21:27.010 W/PowerManagerService( 2703): type=PARTIAL_WAKE_LOCK              'sleep_broadcast' active (mS=0)  activeT=4
01-01 08:21:27.010 W/PowerManagerService( 2703): mPokeLocks.size=0:
01-01 08:21:27.010 D/PowerManagerService( 2703): sendNotificationLocked on=false
01-01 08:21:27.015 D/KeyguardViewMediator( 2703): onScreenTurnedOff(3)
01-01 08:21:27.015 D/KeyguardViewMediator( 2703): setting alarm to turn off keyguard, seq = 6
01-01 08:21:27.015 I/OrientationDebug( 2703): [pwm] in updateOrientationListenerLp()
01-01 08:21:27.015 V/OrientationDebug( 2703): in updateOrientationListenerLp(), Screen status=false, current orientation=1, SensorEnabled=true
01-01 08:21:27.015 I/OrientationDebug( 2703): [pwm] in updateOrientationListenerLp(), now call mOrientationListener.disable(), and mOrientationSensorEnabled = false #2
01-01 08:21:27.015 I/OrientationDebug( 2703): [WindowOrientationListener] in disable(), now call SensorManager.unregisterListener()
01-01 08:21:27.015 D/SensorManager( 2703): unregisterListener:: disable all sensors for this listener,  listener = android.view.WindowOrientationListener$SensorEventListenerImpl@4087f840
01-01 08:21:27.015 D/PowerManagerService( 2703): mNotificationTask : off
01-01 08:21:27.015 V/WindowManager( 2703): Setting event dispatching to false
01-01 08:21:27.030 D/SurfaceFlinger( 2703): About to give-up screen, flinger = 0x12ffe8
01-01 08:21:27.170 W/WindowManager( 2703): Window Window{408ec1c8  paused=false} destroyed surface Surface(name=, identity=-1, mNativeSurface=0), session Session{40c966a0 uid 10104}
01-01 08:21:27.185 I/StatusBarPolicy( 2842): onDataActivity-D:0
01-01 08:21:27.185 I/StatusBarPolicy( 2842): onDataActivity-D:0
01-01 08:21:27.195 D/PhoneUtils( 2862): updateRAFT() : FactoryMode : false
01-01 08:21:27.200 D/dalvikvm( 2910): GC_EXTERNAL_ALLOC freed 722K, 48% free 3568K/6791K, external 9183K/9249K, paused 176ms
01-01 08:21:27.210 D/GLSurfaceViewGroup( 2910): Skipped drawing due to suspendDrawingUntilResume()
01-01 08:21:27.210 I/Launcher( 2910): ACTION_SCREEN_OFF
01-01 08:21:27.285 V/SettingsProvider( 2703): system <- value=1 name=phone_lock_status
01-01 08:21:27.285 V/SettingsProvider( 2703): property: sys.settings_system_version=17
01-01 08:21:27.285 V/SettingsProvider( 2703): notifying: content://settings/system/phone_lock_status
01-01 08:21:27.290 D/PowerManagerService( 2703): setScreenOffTimeouts mKeylightDelay=1500 mDimDelay=21500 mScreenOffDelay=7000 mDimScreen=true
01-01 08:21:27.345 E/com.samsung.app( 3016): [MSC]>>> WeatherWidgetProvider.java:323 [0:0] onReceive()@@@ sec.android.intent.action.HOME_PAUSE
01-01 08:21:27.345 E/com.samsung.app( 3016): [MSC]>>> WidgetIdManager.java:39 [0:0] AccuWeatherClockWidgetID_Length
01-01 08:21:27.345 E/com.samsung.app( 3016): [MSC]>>> WidgetIdManager.java:40 [0:0] getPrefIDs() : length = 0
01-01 08:21:27.345 E/com.samsung.app( 3016): [MSC]>>> WeatherWidgetProvider.java:1592 [0:0] disable handler
01-01 08:21:27.365 I/PhotoAppWidgetProvider( 3669): onReceive
01-01 08:21:27.365 I/PhotoAppWidgetProvider( 3669): PauseSlideShow
01-01 08:21:27.365 D/PhotoAppWidgetProvider( 3669): onReceive End
01-01 08:21:27.385 D/CalendarAppWidgetProviderAgenda( 3515): ACTION_HOME_PAUSE: false
01-01 08:21:27.430 D/dalvikvm( 2703): GC_CONCURRENT freed 1606K, 43% free 7456K/12935K, external 5908K/7378K, paused 3ms+5ms
01-01 08:21:32.025 D/KeyguardViewMediator( 2703): doKeyguard: showing the lock screen
01-01 08:21:32.025 D/KeyguardViewMediator( 2703): showLocked
01-01 08:21:32.029 D/KeyguardViewMediator( 2703): handleShow
01-01 08:21:32.034 D/LockPatternKeyguardView( 2703): Face RecongnitionValue = 0
01-01 08:21:32.050 D/LockscreenWallpaperUpdater( 2703): add lockscreenwallpaper
01-01 08:21:32.120 D/GlassLockScreenMusicWidget( 2703): Controller Initiation Running!!
01-01 08:21:32.120 D/GlassLockScreenMusicWidget( 2703): at init() send broadcast
01-01 08:21:32.120 D/GlassLockScreenMusicWidget( 2703): resetMinTimer()
01-01 08:21:32.120 D/GlassLockScreenMusicWidget( 2703): removeMinTimer()
01-01 08:21:32.120 D/GlassLockScreenMusicWidget( 2703): addMinTimer()
01-01 08:21:32.200 D/dalvikvm( 2703): GC_EXTERNAL_ALLOC freed 168K, 44% free 7360K/12935K, external 2034K/2035K, paused 72ms
01-01 08:21:32.220 I/System.out( 3790): FMRADIO Sending OFF broadcast .... 
01-01 08:21:32.220 E/GlassLockScreenFMRadioWidget( 2703): onReceive() : intent action=com.android.fm.player_lock.status.off
01-01 08:21:32.285 D/dalvikvm( 2703): GC_EXTERNAL_ALLOC freed 21K, 44% free 7367K/12935K, external 2481K/2562K, paused 47ms
01-01 08:21:32.300 D/GlassLockScreenMissedEventWidget( 2703): Controller Initiation Running!!
01-01 08:21:32.355 D/dalvikvm( 2703): GC_EXTERNAL_ALLOC freed 11K, 44% free 7373K/12935K, external 3100K/3209K, paused 47ms
01-01 08:21:32.365 D/UnlockClock( 2703): GMT_update mRightNow.getTimeZone().getID() == Asia/Hong_Kong
01-01 08:21:32.370 D/GlassLockscreenInfo( 2703): init
01-01 08:21:32.370 D/GlassLockScreen( 2703): CLOCK_POSITION from Setting Value = 2
01-01 08:21:32.420 D/dalvikvm( 2703): GC_EXTERNAL_ALLOC freed 15K, 43% free 7393K/12935K, external 3046K/3509K, paused 47ms
01-01 08:21:32.425 D/GlassLockScreenFMRadioWidget( 2703): getIsFMPlayerPlaying() : mIsFMPlayerPlaying=false
01-01 08:21:32.425 D/GlassLockScreen( 2703):  is FM Playing  = false
01-01 08:21:32.425 D/GlassLockScreenFMRadioWidget( 2703): getIsFMPlayerPlaying() : mIsFMPlayerPlaying=false
01-01 08:21:32.445 D/LockscreenWallpaperUpdater( 2703): add lockscreenwallpaper
01-01 08:21:32.450 D/KeyguardViewMediator( 2703): adjustUserActivityLocked mShowing: true mHidden: false
01-01 08:21:32.450 D/PowerManagerService( 2703): enableUserActivity false
01-01 08:21:32.450 D/StatusBarManagerService( 2703): manageDisableList what=0x1 pkg=android
01-01 08:21:32.455 D/GlassLockScreenFMRadioWidget( 2703): handleMediaUpdate !! isPlaying = 0 isStop = 1 mIsFMPlayerPlaying = false
01-01 08:21:32.460 D/GLSurfaceViewGroup( 2910): Skipped drawing due to suspendDrawingUntilResume()
01-01 08:21:32.475 I/OrientationDebug( 2703): [pwm] in updateOrientationListenerLp()
01-01 08:21:32.475 V/OrientationDebug( 2703): in updateOrientationListenerLp(), Screen status=false, current orientation=5, SensorEnabled=false
01-01 08:21:32.475 I/WindowManager( 2703):   CREATE SURFACE Surface(name=Keyguard, identity=101, mNativeSurface=0) IN SESSION android.view.SurfaceSession@408cc2b0: pid=2703 format=-3 flags=0x0 / Window{408bf658 Keyguard paused=false}
01-01 08:21:32.480 D/LockscreenWallpaperUpdater( 2703): onResume()
01-01 08:21:32.480 D/LockscreenWallpaperUpdater( 2703): get drawable (public) 
01-01 08:21:32.480 D/LockscreenWallpaperUpdater( 2703): get drawable (keygurardupdatemonitor private get) 
01-01 08:21:32.480 D/LockscreenWallpaperUpdater( 2703): drawable is null(keygurardupdatemonitor private get) 
01-01 08:21:32.480 D/LockscreenWallpaperUpdater( 2703): set drawable
01-01 08:21:32.480 D/LockscreenWallpaperUpdater( 2703): wallpaper file not exist 
01-01 08:21:32.480 W/WindowManager( 2703): Layout repeat skipped after too many iterations
01-01 08:21:32.480 W/WindowManager( 2703): Layout repeat skipped after too many iterations
01-01 08:21:32.480 W/WindowManager( 2703): Layout repeat skipped after too many iterations
01-01 08:21:32.480 W/WindowManager( 2703): Animation repeat aborted after too many iterations
01-01 08:21:32.530 D/dalvikvm( 2703): GC_EXTERNAL_ALLOC freed 36K, 43% free 7436K/12935K, external 4440K/5085K, paused 48ms
01-01 08:21:32.610 I/Launcher( 2910): onWindowFocusChanged(false)
01-01 08:21:32.610 D/GLSurfaceViewGroup( 2910): Skipped drawing due to suspendDrawingUntilResume()
01-01 08:21:35.619 D/GlassLockScreenMusicWidget( 2703): setMinLayout()
01-01 08:21:35.619 D/GlassLockScreenMusicWidget( 2703): startTranslateAnimation()
01-01 08:21:37.035 D/BatteryService( 2703): update start
01-01 08:21:37.040 E/BatteryService( 2703): TMU status = 0
01-01 08:21:37.045 D/BatteryService( 2703): updateBattery level:7 scale:100 status:2 health:2 present:true voltage: 3780 temperature: 370 technology: Li-ion AC powered:false USB powered:true icon:17302233
01-01 08:21:37.115 D/PhoneUtils( 2862): updateRAFT() : FactoryMode : false
01-01 08:21:37.130 I/StatusBarPolicy( 2842): BAT. S:2 H:2
01-01 08:21:39.459 W/PowerManagerService( 2703): Timer 0x0->0x0|0x0
01-01 08:21:42.220 D/dalvikvm( 3650): GC_EXPLICIT freed 7K, 49% free 2757K/5379K, external 0K/0K, paused 57ms
01-01 08:21:43.029 D/InputReader( 2703): Input event: value=1
01-01 08:21:43.029 I/ScreenCaptureAction( 2703): isHomeKeyPressed(), return value = false
01-01 08:21:43.029 D/KeyguardViewMediator( 2703): onWakeKeyWhenKeyguardShowing(26)
01-01 08:21:43.029 D/KeyguardViewMediator( 2703): wakeWhenReadyLocked(26)
01-01 08:21:43.029 D/KeyguardViewMediator( 2703): handleWakeWhenReady(26)
01-01 08:21:43.029 D/KeyguardViewMediator( 2703): pokeWakelock(5000)
01-01 08:21:43.029 D/PowerManagerService( 2703): reactivateScreenLocksLocked mProxIgnoredBecauseScreenTurnedOff=false
01-01 08:21:43.029 D/PowerManagerService( 2703): Screen__On : acquireWakeLock flags=0x1000001a tag=keyguard uid=1000 pid=2703   myUID=1000 myPID=2703 myTID=2768
01-01 08:21:43.029 I/PowerManagerService( 2703): Ulight 0->7|0
01-01 08:21:43.034 E/lights  ( 2703): write_int: path /sys/devices/virtual/misc/melfas_touchkey/brightness, value 1
01-01 08:21:43.034 E/power   ( 2703): *** set_screen_state 1
01-01 08:21:43.034 D/SensorManager( 2703): registerListener :: handle = 3  name= CM3663 Light Sensor delay= 200000 Listener= com.android.server.PowerManagerService$13@4052a230
01-01 08:21:43.034 D/PowerManagerService( 2703): setLightBrightness : mButtonLight : 69
01-01 08:21:43.034 D/PowerManagerService( 2703): enableLightSensor true
01-01 08:21:43.050 D/PowerManagerService( 2703): sendNotificationLocked on=true
01-01 08:21:43.055 E/lights  ( 2703): write_int: path /sys/class/backlight/pwm-backlight/brightness, value 3
01-01 08:21:43.055 D/KeyguardViewMediator( 2703): onScreenTurnedOn, seq = 7
01-01 08:21:43.055 D/KeyguardViewMediator( 2703): notifyScreenOnLocked
01-01 08:21:43.055 D/PowerManagerService( 2703): mNotificationTask : on
01-01 08:21:43.060 I/OrientationDebug( 2703): [pwm] in updateOrientationListenerLp()
01-01 08:21:43.060 V/OrientationDebug( 2703): in updateOrientationListenerLp(), Screen status=true, current orientation=5, SensorEnabled=false
01-01 08:21:43.060 I/OrientationDebug( 2703): [pwm] needSensorRunningLp(), return true #4
01-01 08:21:43.060 I/OrientationDebug( 2703): [pwm] in updateOrientationListenerLp(), now call mOrientationListener.enable(), and mOrientationSensorEnabled = true #1
01-01 08:21:43.060 I/OrientationDebug( 2703): [WindowOrientationListener] in enable(), now call SensorManager.registerListener()
01-01 08:21:43.060 D/SensorManager( 2703): registerListener :: handle = 0  name= K3DH Acceleration Sensor delay= 200000 Listener= android.view.WindowOrientationListener$SensorEventListenerImpl@4087f840
01-01 08:21:43.060 V/WindowManager( 2703): Setting event dispatching to true
01-01 08:21:43.070 E/lights  ( 2703): write_int: path /sys/class/backlight/pwm-backlight/brightness, value 6
01-01 08:21:43.075 D/KeyguardViewMediator( 2703): handleNotifyScreenOn
01-01 08:21:43.075 D/LockPatternKeyguardView( 2703): onScreenTurnedOn()
01-01 08:21:43.075 D/LockPatternKeyguardView( 2703): mLockScreen instanceof GlassLockScreen
01-01 08:21:43.075 D/GlassLockScreen( 2703): setScreenOn() mGlassLockScreenMusicWidget=com.android.internal.policy.impl.GlassLockScreenMusicWidget@408b1b48
01-01 08:21:43.075 D/LockscreenWallpaperUpdater( 2703): onResume()
01-01 08:21:43.075 D/LockscreenWallpaperUpdater( 2703): get drawable (public) 
01-01 08:21:43.075 D/LockscreenWallpaperUpdater( 2703): get drawable (keygurardupdatemonitor private get) 
01-01 08:21:43.075 D/LockscreenWallpaperUpdater( 2703): drawable is null(keygurardupdatemonitor private get) 
01-01 08:21:43.075 D/LockscreenWallpaperUpdater( 2703): set drawable
01-01 08:21:43.075 D/LockscreenWallpaperUpdater( 2703): wallpaper file not exist 
01-01 08:21:43.080 D/UnlockClock( 2703): GMT_update mRightNow.getTimeZone().getID() == Asia/Hong_Kong
01-01 08:21:43.085 E/lights  ( 2703): write_int: path /sys/class/backlight/pwm-backlight/brightness, value 10
01-01 08:21:43.105 E/lights  ( 2703): write_int: path /sys/class/backlight/pwm-backlight/brightness, value 13
01-01 08:21:43.115 I/Launcher( 2910): onResume(). mIsNewIntent : false screenOff: true
01-01 08:21:43.120 D/Launcher( 2910): It's image wallpaper. suggestDesiredDimensions(-1,-1)
01-01 08:21:43.120 E/lights  ( 2703): write_int: path /sys/class/backlight/pwm-backlight/brightness, value 17
01-01 08:21:43.140 E/lights  ( 2703): write_int: path /sys/class/backlight/pwm-backlight/brightness, value 20
01-01 08:21:43.140 D/GlassLockScreenMusicWidget( 2703): onResume() isTopLayout=true, isMaxLayout=false
01-01 08:21:43.140 D/GlassLockScreenMusicWidget( 2703): mHeightDifference = 65
01-01 08:21:43.140 D/GlassLockScreenMusicWidget( 2703): onResume()show
01-01 08:21:43.140 D/GlassLockScreenMusicWidget( 2703): setMaxLayout()
01-01 08:21:43.140 D/GlassLockScreenMusicWidget( 2703): startTranslateAnimation()
01-01 08:21:43.140 D/GlassLockScreenMusicWidget( 2703): resetMinTimer()
01-01 08:21:43.140 D/GlassLockScreenMusicWidget( 2703): removeMinTimer()
01-01 08:21:43.145 D/GlassLockScreenMusicWidget( 2703): addMinTimer()
01-01 08:21:43.145 D/GlassLockScreenMissedEventWidget( 2703): onResume()
01-01 08:21:43.145 D/GlassLockscreenInfo( 2703): onResume()
01-01 08:21:43.155 E/lights  ( 2703): write_int: path /sys/class/backlight/pwm-backlight/brightness, value 24
01-01 08:21:43.170 D/InputReader( 2703): Input event: value=0
01-01 08:21:43.170 I/ScreenCaptureAction( 2703): isHomeKeyPressed(), return value = false
01-01 08:21:43.220 E/lights  ( 2703): write_int: path /sys/class/backlight/pwm-backlight/brightness, value 27
01-01 08:21:43.255 D/SurfaceFlinger( 2703): Screen about to return, flinger = 0x12ffe8
01-01 08:21:43.260 E/lights  ( 2703): write_int: path /sys/class/backlight/pwm-backlight/brightness, value 31
01-01 08:21:43.265 I/StatusBarPolicy( 2842): onDataActivity-D:0
01-01 08:21:43.265 I/StatusBarPolicy( 2842): onDataActivity-D:0
01-01 08:21:43.295 E/lights  ( 2703): write_int: path /sys/class/backlight/pwm-backlight/brightness, value 34
01-01 08:21:43.300 D/PhoneUtils( 2862): updateRAFT() : FactoryMode : false
01-01 08:21:43.310 E/lights  ( 2703): write_int: path /sys/class/backlight/pwm-backlight/brightness, value 37
01-01 08:21:43.365 E/lights  ( 2703): write_int: path /sys/class/backlight/pwm-backlight/brightness, value 41
01-01 08:21:43.365 E/GlassLockScreenMusicWidget( 2703): onReceive() : intent=Intent { act=android.intent.action.SCREEN_ON flg=0x40000000 }
01-01 08:21:43.365 E/GlassLockScreenFMRadioWidget( 2703): onReceive() : intent action=android.intent.action.SCREEN_ON
01-01 08:21:43.370 I/System.out( 3790): FMRADIO Sending OFF broadcast .... 
01-01 08:21:43.370 E/com.samsung.app( 3016): [MSC]>>> WeatherWidgetProvider.java:323 [0:0] onReceive()@@@ sec.android.intent.action.HOME_RESUME
01-01 08:21:43.370 E/com.samsung.app( 3016): [MSC]>>> WidgetIdManager.java:39 [0:0] AccuWeatherClockWidgetID_Length
01-01 08:21:43.370 E/com.samsung.app( 3016): [MSC]>>> WidgetIdManager.java:40 [0:0] getPrefIDs() : length = 0
01-01 08:21:43.375 E/GlassLockScreenFMRadioWidget( 2703): onReceive() : intent action=com.android.fm.player_lock.status.off
01-01 08:21:43.375 D/GlassLockScreenFMRadioWidget( 2703): handleMediaUpdate !! isPlaying = 0 isStop = 1 mIsFMPlayerPlaying = false
01-01 08:21:43.380 I/PhotoAppWidgetProvider( 3669): onReceive
01-01 08:21:43.380 I/PhotoAppWidgetProvider( 3669): RestartSlideShow
01-01 08:21:43.385 D/PhotoDatabaseHelper( 3669): getWidgetIdList query count : 0
01-01 08:21:43.385 D/PhotoAppWidgetProvider( 3669): onReceive End
01-01 08:21:43.390 D/DigitalClock( 3245): DigitalClockAppWidget.onReceive : ACTION_HOME_RESUME is called!!
01-01 08:21:43.400 E/lights  ( 2703): write_int: path /sys/class/backlight/pwm-backlight/brightness, value 44
01-01 08:21:43.415 E/lights  ( 2703): write_int: path /sys/class/backlight/pwm-backlight/brightness, value 48
01-01 08:21:43.430 D/Buddies--------------------------->( 3682): Service:OnReceive ACTION_HOME_RESUME called
01-01 08:21:43.435 E/lights  ( 2703): write_int: path /sys/class/backlight/pwm-backlight/brightness, value 51
01-01 08:21:43.450 E/lights  ( 2703): write_int: path /sys/class/backlight/pwm-backlight/brightness, value 55
01-01 08:21:43.465 E/lights  ( 2703): write_int: path /sys/class/backlight/pwm-backlight/brightness, value 58
01-01 08:21:43.480 E/lights  ( 2703): write_int: path /sys/class/backlight/pwm-backlight/brightness, value 62
01-01 08:21:43.500 E/lights  ( 2703): write_int: path /sys/class/backlight/pwm-backlight/brightness, value 65
01-01 08:21:43.515 E/lights  ( 2703): write_int: path /sys/class/backlight/pwm-backlight/brightness, value 69
01-01 08:21:43.515 I/PowerManagerService( 2703): Light Animator Finished curIntValue=69
01-01 08:21:44.065 I/WindowOrientationListener( 2703): orientation = 39.15719 Tilt = 40.854572 -- 3 ,  6 ,  6
01-01 08:21:44.125 I/InputReader( 2703): dispatchTouch::touch event's action is 0, pending(waiting finished signal)=0
01-01 08:21:44.140 I/InputDispatcher( 2703): Delivering touch to current input target: action: 0, channel '408bf658 Keyguard (server)'
01-01 08:21:44.140 I/InputDispatcher( 2703): Delivering touch to current input target: action: 0, channel 'PointerDevice-3970 (server)'
01-01 08:21:44.140 D/KeyguardViewMediator( 2703): pokeWakelock(5000)
01-01 08:21:44.140 D/PowerManagerService( 2703): acquireWakeLock flags=0x1000001a tag=keyguard uid=1000 pid=2703   myUID=1000 myPID=2703 myTID=2768
01-01 08:21:44.145 D/GlassLockScreenMusicWidget( 2703): setControllerVisibility() : bIsVisible=false, mVisibleLayout=false
01-01 08:21:44.145 D/GlassLockScreenMusicWidget( 2703): removeMinTimer()
01-01 08:21:44.270 I/WindowOrientationListener( 2703): orientation 28.236916 gives new rotation = 0
01-01 08:21:44.270 I/OrientationDebug( 2703): [pwm] in MyOrientationListener.onOrientationChanged() rotation=0  mFancyRotationAnimation=0   now call mWindowManager.setRotation()
01-01 08:21:44.270 I/OrientationDebug( 2703): [wms] in setRotation() rotation=0 alwaysSendConfiguration=false animFlags=0
01-01 08:21:44.270 I/OrientationDebug( 2703): [wms] in setRotation() now call setRotationUnchecked()
01-01 08:21:44.325 W/GlassLockScreen( 2703): mStartLockAnimation()
01-01 08:21:44.330 D/KeyguardViewMediator( 2703): pokeWakelock(5000)
01-01 08:21:44.330 D/PowerManagerService( 2703): acquireWakeLock flags=0x1000001a tag=keyguard uid=1000 pid=2703   myUID=1000 myPID=2703 myTID=2768
01-01 08:21:44.355 I/InputReader( 2703): dispatchTouch::touch event's action is 1, pending(waiting finished signal)=2
01-01 08:21:44.395 D/KeyguardViewMediator( 2703): pokeWakelock(5000)
01-01 08:21:44.395 I/InputDispatcher( 2703): Delivering touch to current input target: action: 1, channel '408bf658 Keyguard (server)'
01-01 08:21:44.395 I/InputDispatcher( 2703): Delivering touch to current input target: action: 1, channel 'PointerDevice-3970 (server)'
01-01 08:21:44.395 D/GlassLockScreenMusicWidget( 2703): setControllerVisibility() : bIsVisible=true, mVisibleLayout=false
01-01 08:21:44.395 D/PowerManagerService( 2703): acquireWakeLock flags=0x1000001a tag=keyguard uid=1000 pid=2703   myUID=1000 myPID=2703 myTID=2768
01-01 08:21:44.450 E/lights  ( 2703): write_int: path /sys/class/leds/keyboard-backlight/brightness, value 0
01-01 08:21:44.450 D/PowerManagerService( 2703): onSensorChanged: light value: 100
01-01 08:21:44.450 D/PowerManagerService( 2703): lightSensorChangedLocked 100
01-01 08:21:44.450 D/PowerManagerService( 2703): lcdValue 69
01-01 08:21:44.450 D/PowerManagerService( 2703): buttonValue 0
01-01 08:21:44.450 D/PowerManagerService( 2703): keyboardValue 0
01-01 08:21:45.070 I/WindowOrientationListener( 2703): orientation = 22.422255 Tilt = 39.285633 -- 2 ,  6 ,  6
01-01 08:21:45.109 I/InputReader( 2703): dispatchTouch::touch event's action is 0, pending(waiting finished signal)=0
01-01 08:21:45.120 I/InputDispatcher( 2703): Delivering touch to current input target: action: 0, channel '408bf658 Keyguard (server)'
01-01 08:21:45.120 I/InputDispatcher( 2703): Delivering touch to current input target: action: 0, channel 'PointerDevice-3970 (server)'
01-01 08:21:45.125 D/KeyguardViewMediator( 2703): pokeWakelock(5000)
01-01 08:21:45.125 D/GlassLockScreenMusicWidget( 2703): setControllerVisibility() : bIsVisible=false, mVisibleLayout=false
01-01 08:21:45.125 D/GlassLockScreenMusicWidget( 2703): removeMinTimer()
01-01 08:21:45.125 D/PowerManagerService( 2703): acquireWakeLock flags=0x1000001a tag=keyguard uid=1000 pid=2703   myUID=1000 myPID=2703 myTID=2768
01-01 08:21:45.245 D/KeyguardViewMediator( 2703): pokeWakelock(5000)
01-01 08:21:45.245 D/PowerManagerService( 2703): acquireWakeLock flags=0x1000001a tag=keyguard uid=1000 pid=2703   myUID=1000 myPID=2703 myTID=2768
01-01 08:21:45.370 D/KeyguardViewMediator( 2703): pokeWakelock(5000)
01-01 08:21:45.370 D/PowerManagerService( 2703): acquireWakeLock flags=0x1000001a tag=keyguard uid=1000 pid=2703   myUID=1000 myPID=2703 myTID=2768
01-01 08:21:45.435 D/KeyguardViewMediator( 2703): pokeWakelock(5000)
01-01 08:21:45.435 D/PowerManagerService( 2703): acquireWakeLock flags=0x1000001a tag=keyguard uid=1000 pid=2703   myUID=1000 myPID=2703 myTID=2768
01-01 08:21:45.455 D/KeyguardViewMediator( 2703): pokeWakelock(5000)
01-01 08:21:45.455 D/PowerManagerService( 2703): acquireWakeLock flags=0x1000001a tag=keyguard uid=1000 pid=2703   myUID=1000 myPID=2703 myTID=2768
01-01 08:21:45.475 D/KeyguardViewMediator( 2703): pokeWakelock(5000)
01-01 08:21:45.475 D/PowerManagerService( 2703): acquireWakeLock flags=0x1000001a tag=keyguard uid=1000 pid=2703   myUID=1000 myPID=2703 myTID=2768
01-01 08:21:45.490 D/KeyguardViewMediator( 2703): pokeWakelock(5000)
01-01 08:21:45.490 D/PowerManagerService( 2703): acquireWakeLock flags=0x1000001a tag=keyguard uid=1000 pid=2703   myUID=1000 myPID=2703 myTID=2768
01-01 08:21:45.505 D/KeyguardViewMediator( 2703): pokeWakelock(5000)
01-01 08:21:45.505 E/GlassLockScreen( 2703): Threshold is reached. goToUnlockScreen !!
01-01 08:21:45.505 D/KeyguardViewMediator( 2703): keyguardDone(true)
01-01 08:21:45.505 D/PowerManagerService( 2703): acquireWakeLock flags=0x1000001a tag=keyguard uid=1000 pid=2703   myUID=1000 myPID=2703 myTID=2768
01-01 08:21:45.520 D/KeyguardViewMediator( 2703): handleKeyguardDone
01-01 08:21:45.520 D/KeyguardViewMediator( 2703): handleHide
01-01 08:21:45.520 D/KeyguardViewMediator( 2703): adjustUserActivityLocked mShowing: false mHidden: false
01-01 08:21:45.520 D/PowerManagerService( 2703): enableUserActivity true
01-01 08:21:45.520 D/StatusBarManagerService( 2703): manageDisableList what=0x0 pkg=android
01-01 08:21:45.525 E/lights  ( 2703): write_int: path /sys/devices/virtual/misc/melfas_touchkey/brightness, value 2
01-01 08:21:45.525 E/KeyguardViewMediator( 2703): Phone is boot completed. so can broadcast
01-01 08:21:45.525 D/PowerManagerService( 2703): releaseWakeLockLocked flags=0x0 tag=keyguard myUID=1000 myPID=2703 myTID=2768
01-01 08:21:45.525 I/PowerManagerService( 2703): Ulight 7->3|0
01-01 08:21:45.525 D/PowerManagerService( 2703): setLightBrightness : mButtonLight : 0
01-01 08:21:45.530 I/Launcher( 2910): ACTION_USER_PRESENT
01-01 08:21:45.540 I/OrientationDebug( 2703): [pwm] in updateOrientationListenerLp()
01-01 08:21:45.545 V/OrientationDebug( 2703): in updateOrientationListenerLp(), Screen status=true, current orientation=1, SensorEnabled=true
01-01 08:21:45.545 I/OrientationDebug( 2703): [pwm] needSensorRunningLp(), return true #4
01-01 08:21:45.560 I/Launcher( 2910): onWindowFocusChanged(true)
01-01 08:21:45.565 E/MTPRx   ( 3661): In MtpReceiverandroid.intent.action.USER_PRESENT
01-01 08:21:45.565 E/SamsungDecoderService>>>>>>>>( 2859): go into imStoreUdb
01-01 08:21:45.565 V/SamsungDecoderService( 2859): go into storeUdbToFile
01-01 08:21:45.565 I/        ( 2859): SamsungDecoderService.cpp::go into read Buffer
01-01 08:21:45.565 I/        ( 2859): PinyinDecoderService: nativeImSetLanguage(): language = zh_CN
01-01 08:21:45.565 D/XT9     ( 2859): >>>>>>>>>>>>go into GetUdbBuf simplified chinese>>>>>
01-01 08:21:45.565 I/        ( 2859): im get udb buf len is 8192
01-01 08:21:45.565 W/InputManagerService( 2703): Window already focused, ignoring focus gain of: com.android.internal.view.IInputMethodClient$Stub$Proxy@40ca4b00
01-01 08:21:45.570 I/        ( 2859): SamsungDecoderService.cpp::go into read Buffer
01-01 08:21:45.570 I/        ( 2859): PinyinDecoderService: nativeImSetLanguage(): language = zh_TW
01-01 08:21:45.570 D/XT9     ( 2859): >>>>>>>>>>>>go into GetUdbBuf traditinal chinese>>>>>
01-01 08:21:45.570 I/        ( 2859): im get udb buf len is 8192
01-01 08:21:45.590 D/KeyguardViewMediator( 2703): pokeWakelock(5000)
01-01 08:21:45.590 E/lights  ( 2703): write_int: path /sys/devices/virtual/misc/melfas_touchkey/brightness, value 1
01-01 08:21:45.590 D/PowerManagerService( 2703): acquireWakeLock flags=0x1000001a tag=keyguard uid=1000 pid=2703   myUID=1000 myPID=2703 myTID=2768
01-01 08:21:45.590 I/PowerManagerService( 2703): Ulight 3->7|0
01-01 08:21:45.590 D/PowerManagerService( 2703): setLightBrightness : mButtonLight : 69
01-01 08:21:45.615 D/KeyguardViewMediator( 2703): pokeWakelock(5000)
01-01 08:21:45.615 D/PowerManagerService( 2703): acquireWakeLock flags=0x1000001a tag=keyguard uid=1000 pid=2703   myUID=1000 myPID=2703 myTID=2768
01-01 08:21:45.635 D/KeyguardViewMediator( 2703): pokeWakelock(5000)
01-01 08:21:45.635 V/SettingsProvider( 2703): system <- value=0 name=phone_lock_status
01-01 08:21:45.635 V/SettingsProvider( 2703): property: sys.settings_system_version=18
01-01 08:21:45.635 V/SettingsProvider( 2703): notifying: content://settings/system/phone_lock_status
01-01 08:21:45.635 D/PowerManagerService( 2703): acquireWakeLock flags=0x1000001a tag=keyguard uid=1000 pid=2703   myUID=1000 myPID=2703 myTID=2768
01-01 08:21:45.640 W/MTPRx   ( 3661): Result for phone lock status in ACTION USER PRESENTtrue
01-01 08:21:45.640 E/MTPRx   ( 3661): file kieswifi.dat is not found
01-01 08:21:45.640 E/MTPRx   ( 3661): Battery charging. plugType = 2
01-01 08:21:45.640 E/MTPRx   ( 3661): USB charging
01-01 08:21:45.640 D/PowerManagerService( 2703): setScreenOffTimeouts mKeylightDelay=1500 mDimDelay=21500 mScreenOffDelay=7000 mDimScreen=true
01-01 08:21:45.645 E/MTPRx   ( 3661): usb mode = 0
01-01 08:21:45.645 E/MTPRx   ( 3661): usb debugging is enabled
01-01 08:21:45.665 D/KeyguardViewMediator( 2703): pokeWakelock(5000)
01-01 08:21:45.665 D/PowerManagerService( 2703): acquireWakeLock flags=0x1000001a tag=keyguard uid=1000 pid=2703   myUID=1000 myPID=2703 myTID=2768
01-01 08:21:45.670 I/WindowManager( 2703):   CREATE SURFACE Surface(name=, identity=102, mNativeSurface=0) IN SESSION android.view.SurfaceSession@40c96ef0: pid=2845 format=-3 flags=0x0 / Window{4085e980  paused=false}
01-01 08:21:45.680 D/KeyguardViewMediator( 2703): pokeWakelock(5000)
01-01 08:21:45.680 D/PowerManagerService( 2703): acquireWakeLock flags=0x1000001a tag=keyguard uid=1000 pid=2703   myUID=1000 myPID=2703 myTID=2768
01-01 08:21:45.705 D/KeyguardViewMediator( 2703): pokeWakelock(5000)
01-01 08:21:45.705 D/PowerManagerService( 2703): acquireWakeLock flags=0x1000001a tag=keyguard uid=1000 pid=2703   myUID=1000 myPID=2703 myTID=2768
01-01 08:21:45.740 D/KeyguardViewMediator( 2703): pokeWakelock(5000)
01-01 08:21:45.740 D/PowerManagerService( 2703): acquireWakeLock flags=0x1000001a tag=keyguard uid=1000 pid=2703   myUID=1000 myPID=2703 myTID=2768
01-01 08:21:45.765 D/KeyguardViewMediator( 2703): pokeWakelock(5000)
01-01 08:21:45.765 D/PowerManagerService( 2703): acquireWakeLock flags=0x1000001a tag=keyguard uid=1000 pid=2703   myUID=1000 myPID=2703 myTID=2768
01-01 08:21:45.785 D/KeyguardViewMediator( 2703): pokeWakelock(5000)
01-01 08:21:45.785 D/PowerManagerService( 2703): acquireWakeLock flags=0x1000001a tag=keyguard uid=1000 pid=2703   myUID=1000 myPID=2703 myTID=2768
01-01 08:21:45.810 D/KeyguardViewMediator( 2703): pokeWakelock(5000)
01-01 08:21:45.810 D/PowerManagerService( 2703): acquireWakeLock flags=0x1000001a tag=keyguard uid=1000 pid=2703   myUID=1000 myPID=2703 myTID=2768
01-01 08:21:45.850 I/InputReader( 2703): dispatchTouch::touch event's action is 1, pending(waiting finished signal)=0
01-01 08:21:45.850 I/InputDispatcher( 2703): Delivering touch to current input target: action: 1, channel '408bf658 Keyguard (server)'
01-01 08:21:45.850 I/InputDispatcher( 2703): Delivering touch to current input target: action: 1, channel 'PointerDevice-3970 (server)'
01-01 08:21:45.955 W/WindowManager( 2703): Window Window{408bf658 Keyguard paused=false} destroyed surface Surface(name=Keyguard, identity=-1, mNativeSurface=0), session Session{4077ff18 uid 1000}
01-01 08:21:46.020 D/GlassLockScreenMusicWidget( 2703): onPause()
01-01 08:21:46.020 D/GlassLockScreenMusicWidget( 2703): stopMarguee()
01-01 08:21:46.020 D/GlassLockScreenMissedEventWidget( 2703): onPause()
01-01 08:21:46.020 D/GlassLockScreenMusicWidget( 2703): cleanUp()
01-01 08:21:46.020 D/GlassLockScreenMusicWidget( 2703): stopMarguee()
01-01 08:21:46.020 D/GlassLockScreenMissedEventWidget( 2703): cleanUp()
01-01 08:21:46.020 D/LockscreenWallpaperUpdater( 2703): cleanUp()
01-01 08:21:46.025 D/GlassLockscreenInfo( 2703): cleanUp()
01-01 08:21:46.025 D/LockscreenWallpaperUpdater( 2703): cleanUp()
01-01 08:21:46.070 I/WindowOrientationListener( 2703): orientation = 15.703381 Tilt = 41.34947 -- 2 ,  6 ,  6
01-01 08:21:46.330 W/System.err( 3540): java.lang.NoSuchMethodException: isKeyguardLocked
01-01 08:21:46.330 W/System.err( 3540): 	at java.lang.ClassCache.findMethodByName(ClassCache.java:247)
01-01 08:21:46.330 W/System.err( 3540): 	at java.lang.Class.getMethod(Class.java:962)
01-01 08:21:46.330 W/System.err( 3540): 	at com.qihoo360.mobilesafe.util.z.e(Unknown Source)
01-01 08:21:46.330 W/System.err( 3540): 	at com.qihoo.appstore.notification.c.run(Unknown Source)
01-01 08:21:46.330 W/System.err( 3540): 	at android.os.Handler.handleCallback(Handler.java:587)
01-01 08:21:46.330 W/System.err( 3540): 	at android.os.Handler.dispatchMessage(Handler.java:92)
01-01 08:21:46.330 W/System.err( 3540): 	at android.os.Looper.loop(Looper.java:130)
01-01 08:21:46.330 W/System.err( 3540): 	at android.app.ActivityThread.main(ActivityThread.java:3691)
01-01 08:21:46.330 W/System.err( 3540): 	at java.lang.reflect.Method.invokeNative(Native Method)
01-01 08:21:46.335 W/System.err( 3540): 	at java.lang.reflect.Method.invoke(Method.java:507)
01-01 08:21:46.335 W/System.err( 3540): 	at com.android.internal.os.ZygoteInit$MethodAndArgsCaller.run(ZygoteInit.java:907)
01-01 08:21:46.335 W/System.err( 3540): 	at com.android.internal.os.ZygoteInit.main(ZygoteInit.java:665)
01-01 08:21:46.335 W/System.err( 3540): 	at dalvik.system.NativeStart.main(Native Method)
01-01 08:21:46.475 I/InputReader( 2703): dispatchTouch::touch event's action is 0, pending(waiting finished signal)=0
01-01 08:21:46.475 I/InputDispatcher( 2703): Delivering touch to current input target: action: 0, channel '408c1740 com.sec.android.app.twlauncher/com.sec.android.app.twlauncher.Launcher (server)'
01-01 08:21:46.475 I/InputDispatcher( 2703): Delivering touch to current input target: action: 0, channel '4091e2c8 com.android.internal.service.wallpaper.ImageWallpaper (server)'
01-01 08:21:46.475 I/InputDispatcher( 2703): Delivering touch to current input target: action: 0, channel 'PointerDevice-3970 (server)'
01-01 08:21:46.515 I/InputReader( 2703): dispatchTouch::touch event's action is 1, pending(waiting finished signal)=0
01-01 08:21:46.515 I/InputDispatcher( 2703): Delivering touch to current input target: action: 1, channel '408c1740 com.sec.android.app.twlauncher/com.sec.android.app.twlauncher.Launcher (server)'
01-01 08:21:46.515 I/InputDispatcher( 2703): Delivering touch to current input target: action: 1, channel '4091e2c8 com.android.internal.service.wallpaper.ImageWallpaper (server)'
01-01 08:21:46.515 I/InputDispatcher( 2703): Delivering touch to current input target: action: 1, channel 'PointerDevice-3970 (server)'
01-01 08:21:46.530 E/AudioPolicyManager( 2587): getParamFromPolicy
01-01 08:21:46.530 E/AudioPolicyManager( 2587): getSituationVolume
01-01 08:21:46.530 I/AudioPolicyManager( 2587): getSituationVolume: isBTConnected:0 isHeadConnected:0
01-01 08:21:46.530 I/power   ( 2703): acquire_dvfs_lock level=1 
01-01 08:21:46.530 I/power   ( 2703): acquire_dvfs_lock level=1, duration=1000, val=66536 
01-01 08:21:46.530 I/AudioFlinger( 2587): start output streamType (0, 1) for 1
01-01 08:21:46.530 D/PowerManagerService( 2703): acquireDVFSlock : level : 1,    timeMS : 1000
01-01 08:21:46.535 I/ActivityManager( 2703): Starting: Intent { act=android.intent.action.MAIN cat=[android.intent.category.LAUNCHER] flg=0x10200000 cmp=com.visualon.AppUI/.MainActivity } from pid 2910
01-01 08:21:46.550 I/WindowManager( 2703):   CREATE SURFACE Surface(name=Starting com.visualon.AppUI, identity=103, mNativeSurface=0) IN SESSION android.view.SurfaceSession@408cc2b0: pid=2703 format=-1 flags=0x0 / Window{40903810 Starting com.visualon.AppUI paused=false}
01-01 08:21:46.560 E/com.samsung.app( 3016): [MSC]>>> WeatherWidgetProvider.java:323 [0:0] onReceive()@@@ sec.android.intent.action.HOME_PAUSE
01-01 08:21:46.560 E/com.samsung.app( 3016): [MSC]>>> WidgetIdManager.java:39 [0:0] AccuWeatherClockWidgetID_Length
01-01 08:21:46.560 E/com.samsung.app( 3016): [MSC]>>> WidgetIdManager.java:40 [0:0] getPrefIDs() : length = 0
01-01 08:21:46.565 E/com.samsung.app( 3016): [MSC]>>> WeatherWidgetProvider.java:1592 [0:0] disable handler
01-01 08:21:46.575 I/PhotoAppWidgetProvider( 3669): onReceive
01-01 08:21:46.575 I/PhotoAppWidgetProvider( 3669): PauseSlideShow
01-01 08:21:46.575 D/PhotoAppWidgetProvider( 3669): onReceive End
01-01 08:21:46.590 I/ActivityManager( 2703): Start proc com.visualon.AppUI for activity com.visualon.AppUI/.MainActivity: pid=5338 uid=10102 gids={3003, 1015, 3002, 3001}
01-01 08:21:46.595 D/GLSurfaceViewGroup( 2910): Skipped drawing due to suspendDrawingUntilResume()
01-01 08:21:46.595 D/CalendarAppWidgetProviderAgenda( 3515): ACTION_HOME_PAUSE: false
01-01 08:21:46.620 I/OrientationDebug( 2703): [pwm] in updateOrientationListenerLp()
01-01 08:21:46.620 V/OrientationDebug( 2703): in updateOrientationListenerLp(), Screen status=true, current orientation=-1, SensorEnabled=true
01-01 08:21:46.620 I/OrientationDebug( 2703): [pwm] needSensorRunningLp(), return true #4
01-01 08:21:46.620 D/dalvikvm( 2586): GC_EXPLICIT freed 12K, 50% free 2707K/5379K, external 0K/0K, paused 29ms
01-01 08:21:46.630 I/ALSAModule( 2587): Initialized ALSA PLAYBACK device hifi
01-01 08:21:46.630 W/AudioFlinger( 2587): write blocked for 82 msecs, 36 delayed writes, thread 0x5e988
01-01 08:21:46.640 D/dalvikvm( 2586): GC_EXPLICIT freed <1K, 50% free 2707K/5379K, external 0K/0K, paused 20ms
01-01 08:21:46.645 I/Launcher( 2910): onWindowFocusChanged(false)
01-01 08:21:46.665 D/dalvikvm( 2586): GC_EXPLICIT freed <1K, 50% free 2707K/5379K, external 0K/0K, paused 24ms
01-01 08:21:46.665 D/GLSurfaceViewGroup( 2910): Skipped drawing due to suspendDrawingUntilResume()
01-01 08:21:46.670 I/GLThread( 2910): noticed surfaceView surface lost tid=10
01-01 08:21:46.670 W/EglHelper( 2910): destroySurface()  tid=10
01-01 08:21:46.680 W/WindowManager( 2703): Window Window{4085e980  paused=false} destroyed surface Surface(name=, identity=-1, mNativeSurface=0), session Session{40c966a0 uid 10104}
01-01 08:21:46.715 D/dalvikvm( 5338): GC_EXTERNAL_ALLOC freed 72K, 49% free 2785K/5379K, external 0K/0K, paused 22ms
01-01 08:21:46.730 D/szipinf ( 5338): Initializing inflate state
01-01 08:21:46.735 D/szipinf ( 5338): Initializing zlib to inflate
01-01 08:21:46.835 W/WindowManager( 2703): Window Window{408c1740 com.sec.android.app.twlauncher/com.sec.android.app.twlauncher.Launcher paused=false} destroyed surface Surface(name=com.sec.android.app.twlauncher/com.sec.android.app.twlauncher.Launcher, identity=-1, mNativeSurface=0), session Session{408a9a90 uid 10013}
01-01 08:21:46.835 W/WindowManager( 2703): Window Window{408bb060 SurfaceView paused=false} destroyed surface Surface(name=SurfaceView, identity=-1, mNativeSurface=0), session Session{408a9a90 uid 10013}
01-01 08:21:46.840 I/AudioFlinger( 2587): stop output streamType (0, 1) for 1
01-01 08:21:46.870 D/dalvikvm( 5338): GC_CONCURRENT freed 213K, 48% free 2969K/5639K, external 127K/513K, paused 1ms+3ms
01-01 08:21:46.905 D/dalvikvm( 5338): GC_EXTERNAL_ALLOC freed 29K, 48% free 2958K/5639K, external 506K/513K, paused 26ms
01-01 08:21:46.920 I/WindowManager( 2703):   CREATE SURFACE Surface(name=com.visualon.AppUI/com.visualon.AppUI.MainActivity, identity=104, mNativeSurface=0) IN SESSION android.view.SurfaceSession@408a7188: pid=5338 format=-1 flags=0x0 / Window{409ef390 com.visualon.AppUI/com.visualon.AppUI.MainActivity paused=false}
01-01 08:21:46.940 D/CLIPBOARD( 2910): Hide Clipboard dialog at Starting input: finished by someone else... !
01-01 08:21:46.950 I/ActivityManager( 2703): Displayed com.visualon.AppUI/.MainActivity: +364ms
01-01 08:21:46.950 D/CLIPBOARD( 5338): Hide Clipboard dialog at Starting input: finished by someone else... !
01-01 08:21:46.965 I/GLThread( 2910): onPause tid=10
01-01 08:21:46.965 I/Main thread( 2910): onPause waiting for mPaused.
01-01 08:21:46.965 I/GLThread( 2910): mPaused is now true tid=10
01-01 08:21:47.020 D/GlassLockScreenMusicWidget( 2703): handleStopMarquee()
01-01 08:21:47.075 I/WindowOrientationListener( 2703): orientation = 19.58853 Tilt = 40.37343 -- 2 ,  7 ,  6
01-01 08:21:47.225 D/dalvikvm( 2845): GC_CONCURRENT freed 356K, 45% free 3783K/6855K, external 164K/512K, paused 1ms+3ms
01-01 08:21:47.260 W/WindowManager( 2703): Window Window{40903810 Starting com.visualon.AppUI paused=false} destroyed surface Surface(name=Starting com.visualon.AppUI, identity=-1, mNativeSurface=0), session Session{4077ff18 uid 1000}
01-01 08:21:48.020 W/PowerManagerService( 2703): Timer 0x7->0x3|0x7
01-01 08:21:48.075 I/WindowOrientationListener( 2703): orientation = 12.905069 Tilt = 41.353474 -- 2 ,  6 ,  6
01-01 08:21:48.225 I/InputReader( 2703): dispatchTouch::touch event's action is 0, pending(waiting finished signal)=0
01-01 08:21:48.225 I/InputDispatcher( 2703): Delivering touch to current input target: action: 0, channel '409ef390 com.visualon.AppUI/com.visualon.AppUI.MainActivity (server)'
01-01 08:21:48.225 I/InputDispatcher( 2703): Delivering touch to current input target: action: 0, channel 'PointerDevice-3970 (server)'
01-01 08:21:48.320 I/InputReader( 2703): dispatchTouch::touch event's action is 1, pending(waiting finished signal)=0
01-01 08:21:48.320 I/InputDispatcher( 2703): Delivering touch to current input target: action: 1, channel '409ef390 com.visualon.AppUI/com.visualon.AppUI.MainActivity (server)'
01-01 08:21:48.320 I/InputDispatcher( 2703): Delivering touch to current input target: action: 1, channel 'PointerDevice-3970 (server)'
01-01 08:21:48.365 E/SamsungDecoderService>>>>>>>>( 2859): go into imStoreUdb
01-01 08:21:48.365 V/SamsungDecoderService( 2859): go into storeUdbToFile
01-01 08:21:48.365 I/        ( 2859): SamsungDecoderService.cpp::go into read Buffer
01-01 08:21:48.365 I/        ( 2859): PinyinDecoderService: nativeImSetLanguage(): language = zh_CN
01-01 08:21:48.365 D/XT9     ( 2859): >>>>>>>>>>>>go into GetUdbBuf simplified chinese>>>>>
01-01 08:21:48.365 I/        ( 2859): im get udb buf len is 8192
01-01 08:21:48.365 I/        ( 2859): SamsungDecoderService.cpp::go into read Buffer
01-01 08:21:48.365 I/        ( 2859): PinyinDecoderService: nativeImSetLanguage(): language = zh_TW
01-01 08:21:48.365 D/XT9     ( 2859): >>>>>>>>>>>>go into GetUdbBuf traditinal chinese>>>>>
01-01 08:21:48.365 I/        ( 2859): im get udb buf len is 8192
01-01 08:21:48.425 D/dalvikvm( 5338): GC_EXTERNAL_ALLOC freed 34K, 47% free 3017K/5639K, external 1013K/1032K, paused 37ms
01-01 08:21:48.430 I/webclipboard( 5338): clipservice: android.sec.clipboard.ClipboardExManager@40535bf8
01-01 08:21:48.485 V/webview ( 5338): OnSizeChanged: Enter 
01-01 08:21:48.500 W/IInputConnectionWrapper( 5338): finishComposingText on inactive InputConnection
01-01 08:21:48.500 D/WML_SISO( 5338): InitPasteboardJni
01-01 08:21:48.905 I/ALSAModule( 2587): Terminated ALSA PLAYBACK device hifi
01-01 08:21:49.075 I/WindowOrientationListener( 2703): orientation = 15.458292 Tilt = 37.507725 -- 1 ,  7 ,  5
01-01 08:21:49.250 D/PowerManagerService( 2703): onSensorChanged: light value: 100
01-01 08:21:49.820 W/PowerManagerService( 2703): Timer 0x7->0x3|0x7
01-01 08:21:49.840 I/InputReader( 2703): dispatchTouch::touch event's action is 0, pending(waiting finished signal)=0
01-01 08:21:49.840 I/InputDispatcher( 2703): Delivering touch to current input target: action: 0, channel '409ef390 com.visualon.AppUI/com.visualon.AppUI.MainActivity (server)'
01-01 08:21:49.840 I/InputDispatcher( 2703): Delivering touch to current input target: action: 0, channel 'PointerDevice-3970 (server)'
01-01 08:21:50.015 I/InputReader( 2703): dispatchTouch::touch event's action is 1, pending(waiting finished signal)=0
01-01 08:21:50.015 I/InputDispatcher( 2703): Delivering touch to current input target: action: 1, channel '409ef390 com.visualon.AppUI/com.visualon.AppUI.MainActivity (server)'
01-01 08:21:50.015 I/InputDispatcher( 2703): Delivering touch to current input target: action: 1, channel 'PointerDevice-3970 (server)'
01-01 08:21:50.015 V/webview ( 5338):  singleCursorHandlerTouchEvent -getEditableSupport  FASLE 
01-01 08:21:50.075 I/WindowOrientationListener( 2703): orientation = 14.646992 Tilt = 35.027493 -- 2 ,  7 ,  5
01-01 08:21:50.415 V/webview ( 5338): doShortPress : mNativeClass - 2699440 mPreventDefault -  0
01-01 08:21:50.815 D/KeyguardViewMediator( 2703): handleTimeout
01-01 08:21:50.815 D/PowerManagerService( 2703): releaseWakeLockLocked flags=0x0 tag=keyguard myUID=1000 myPID=2703 myTID=2768
01-01 08:21:51.034 I/InputReader( 2703): dispatchTouch::touch event's action is 0, pending(waiting finished signal)=0
01-01 08:21:51.034 I/InputDispatcher( 2703): Delivering touch to current input target: action: 0, channel '409ef390 com.visualon.AppUI/com.visualon.AppUI.MainActivity (server)'
01-01 08:21:51.034 I/InputDispatcher( 2703): Delivering touch to current input target: action: 0, channel 'PointerDevice-3970 (server)'
01-01 08:21:51.079 I/WindowOrientationListener( 2703): orientation = 14.56252 Tilt = 35.48604 -- 1 ,  7 ,  5
01-01 08:21:51.130 I/InputReader( 2703): dispatchTouch::touch event's action is 1, pending(waiting finished signal)=0
01-01 08:21:51.130 I/InputDispatcher( 2703): Delivering touch to current input target: action: 1, channel '409ef390 com.visualon.AppUI/com.visualon.AppUI.MainActivity (server)'
01-01 08:21:51.130 I/InputDispatcher( 2703): Delivering touch to current input target: action: 1, channel 'PointerDevice-3970 (server)'
01-01 08:21:51.135 E/AudioPolicyManager( 2587): getParamFromPolicy
01-01 08:21:51.135 E/AudioPolicyManager( 2587): getSituationVolume
01-01 08:21:51.135 I/AudioPolicyManager( 2587): getSituationVolume: isBTConnected:0 isHeadConnected:0
01-01 08:21:51.140 I/AudioFlinger( 2587): start output streamType (0, 1) for 1
01-01 08:21:51.145 I/ActivityManager( 2703): Starting: Intent { cmp=com.visualon.AppUI/.HistoryActivity } from pid 5338
01-01 08:21:51.170 W/ActivityManager( 2703): Trying to launch com.visualon.AppUI/.HistoryActivity
01-01 08:21:51.215 I/WindowManager( 2703):   CREATE SURFACE Surface(name=com.visualon.AppUI/com.visualon.AppUI.HistoryActivity, identity=105, mNativeSurface=0) IN SESSION android.view.SurfaceSession@408a7188: pid=5338 format=-1 flags=0x0 / Window{40afe8e0 com.visualon.AppUI/com.visualon.AppUI.HistoryActivity paused=false}
01-01 08:21:51.225 E/SamsungDecoderService>>>>>>>>( 2859): go into imStoreUdb
01-01 08:21:51.225 V/SamsungDecoderService( 2859): go into storeUdbToFile
01-01 08:21:51.225 I/        ( 2859): SamsungDecoderService.cpp::go into read Buffer
01-01 08:21:51.225 I/        ( 2859): PinyinDecoderService: nativeImSetLanguage(): language = zh_CN
01-01 08:21:51.225 D/XT9     ( 2859): >>>>>>>>>>>>go into GetUdbBuf simplified chinese>>>>>
01-01 08:21:51.225 I/        ( 2859): im get udb buf len is 8192
01-01 08:21:51.225 I/        ( 2859): SamsungDecoderService.cpp::go into read Buffer
01-01 08:21:51.225 I/        ( 2859): PinyinDecoderService: nativeImSetLanguage(): language = zh_TW
01-01 08:21:51.225 D/XT9     ( 2859): >>>>>>>>>>>>go into GetUdbBuf traditinal chinese>>>>>
01-01 08:21:51.225 I/        ( 2859): im get udb buf len is 8192
01-01 08:21:51.265 I/ALSAModule( 2587): Initialized ALSA PLAYBACK device hifi
01-01 08:21:51.400 I/ActivityManager( 2703): Displayed com.visualon.AppUI/.HistoryActivity: +232ms
01-01 08:21:51.400 W/WindowManager( 2703): Window Window{409ef390 com.visualon.AppUI/com.visualon.AppUI.MainActivity paused=false} destroyed surface Surface(name=com.visualon.AppUI/com.visualon.AppUI.MainActivity, identity=-1, mNativeSurface=0), session Session{408bf320 uid 10102}
01-01 08:21:51.475 I/AudioFlinger( 2587): stop output streamType (0, 1) for 1
01-01 08:21:51.895 I/InputReader( 2703): dispatchTouch::touch event's action is 0, pending(waiting finished signal)=0
01-01 08:21:51.895 I/InputDispatcher( 2703): Delivering touch to current input target: action: 0, channel '40afe8e0 com.visualon.AppUI/com.visualon.AppUI.HistoryActivity (server)'
01-01 08:21:51.895 I/InputDispatcher( 2703): Delivering touch to current input target: action: 0, channel 'PointerDevice-3970 (server)'
